@c @mapfile{
@c   license = "public domain",
@c   email = "tex-fonts@tug.org",
@c   date = "31dec06",
@c   url = "http://tug.org/fontname/special.map",
@c   supported = "yes",
@c   docstring = "Abbreviations for nonstandard TeX font names."
@c }
@c
@c Note: All fonts that can be generated at arbitrary sizes using the
@c Sauter tools must be listed explicitly at all available sizes.
@c Other font families are just listed by prefix.
@c
@c The 75 standard cm fonts from Knuth.
cmb10           public          cm
cmbsy10         public          cm
cmbx10          public          cm
cmbx12          public          cm
cmbx5           public          cm
cmbx6           public          cm
cmbx7           public          cm
cmbx8           public          cm
cmbx9           public          cm
cmbxsl10        public          cm
cmbxti10        public          cm
cmcsc10         public          cm
cmdunh10        public          cm
cmex10          public          cm
cmff10          public          cm
cmfi10          public          cm
cmfib8          public          cm
cmitt10         public          cm
cmmi10          public          cm
cmmi12          public          cm
cmmi5           public          cm
cmmi6           public          cm
cmmi7           public          cm
cmmi8           public          cm
cmmi9           public          cm
cmmib10         public          cm
cmr10           public          cm
cmr12           public          cm
cmr17           public          cm
cmr5            public          cm
cmr6            public          cm
cmr7            public          cm
cmr8            public          cm
cmr9            public          cm
cmsl10          public          cm
cmsl12          public          cm
cmsl8           public          cm
cmsl9           public          cm
cmsltt10        public          cm
cmss10          public          cm
cmss12          public          cm
cmss17          public          cm
cmss8           public          cm
cmss9           public          cm
cmssbx10        public          cm
cmssdc10        public          cm
cmssi10         public          cm
cmssi12         public          cm
cmssi17         public          cm
cmssi8          public          cm
cmssi9          public          cm
cmssq8          public          cm
cmssqi8         public          cm
cmsy10          public          cm
cmsy5           public          cm
cmsy6           public          cm
cmsy7           public          cm
cmsy8           public          cm
cmsy9           public          cm
cmtcsc10        public          cm
cmtex10         public          cm
cmtex8          public          cm
cmtex9          public          cm
cmti10          public          cm
cmti12          public          cm
cmti7           public          cm
cmti8           public          cm
cmti9           public          cm
cmtt10          public          cm
cmtt12          public          cm
cmtt8           public          cm
cmtt9           public          cm
cmu10           public          cm
cmvtt10         public          cm
cminch          public          cm
@c The extra CM fonts from the AMS.
cmbsy5          ams             cmextra
cmbsy6          ams             cmextra
cmbsy7          ams             cmextra
cmbsy8          ams             cmextra
cmbsy9          ams             cmextra
cmcsc8          ams             cmextra
cmcsc9          ams             cmextra
cmex7           ams             cmextra
cmex8           ams             cmextra
cmex9           ams             cmextra
cmmib5          ams             cmextra
cmmib6          ams             cmextra
cmmib7          ams             cmextra
cmmib8          ams             cmextra
cmmib9          ams             cmextra
@c Next some non-standard CM fonts from Knuth,
@c mostly used in Font Specimens of Volume E.
cmbxcd10        public          cmextra         % CTAN:systems/knuth/local/cm
cmbxti7         public          cmextra
cmbxti12        public          cmextra
cmcscsl10       public          cmextra
cmfibs8         public          cmextra
cmitt9          public          cmextra
cmitt12         public          cmextra
cmsl6           public          cmextra
cmsltt9         public          cmextra
cmssbxo10       public          cmextra
cmssu30         public          cmextra
cmsslu30        public          cmextra
cmvtti10        public          cmextra
@c The standard LaTeX and SliTeX fonts.
icmcsc10        public          latex           % CTAN:fonts/latex
icmex10         public          latex
icmmi8          public          latex
icmsy8          public          latex
icmtt8          public          latex
ilasy8          public          latex
ilcmss8         public          latex
ilcmssb8        public          latex
ilcmssi8        public          latex
lasy10          public          latex
lasy5           public          latex
lasy6           public          latex
lasy7           public          latex
lasy8           public          latex
lasy9           public          latex
lasyb10         public          latex
lcircle10       public          latex
lcirclew10      public          latex
lcmss8          public          latex
lcmssb8         public          latex
lcmssi8         public          latex
line10          public          latex
linew10         public          latex
circle10        public          latex
circlew10       public          latex
@c utility and logo fonts by Knuth:
dummy           public          misc            % CTAN:systems/knuth/{lib,local/lib}
black           public          misc
gray            public          misc
slant           public          misc
cmman           public          misc
manfnt          public          misc
random          public          misc
xbmc10          public          misc            % for TeX--XeT
logo            public          mflogo
@c
@c emacs-page
cmbr10	public	cmbright
cmbr17	public	cmbright
cmbr8	public	cmbright
cmbr9	public	cmbright
cmbras10	public	cmbright
cmbras8	public	cmbright
cmbras9	public	cmbright
cmbrbs10	public	cmbright
cmbrbs8	public	cmbright
cmbrbs9	public	cmbright
cmbrbx10	public	cmbright
cmbrmb10	public	cmbright
cmbrmi10	public	cmbright
cmbrmi8	public	cmbright
cmbrmi9	public	cmbright
cmbrsl10	public	cmbright
cmbrsl17	public	cmbright
cmbrsl8	public	cmbright
cmbrsl9	public	cmbright
cmbrsy10	public	cmbright
cmbrsy8	public	cmbright
cmbrsy9	public	cmbright
cmsltl10	public	cmbright
cmtl10	public	cmbright
ebbx10	public	cmbright
ebmo10	public	cmbright
ebmo17	public	cmbright
ebmo8	public	cmbright
ebmo9	public	cmbright
ebmr10	public	cmbright
ebmr17	public	cmbright
ebmr8	public	cmbright
ebmr9	public	cmbright
ebso10	public	cmbright
ebso17	public	cmbright
ebso8	public	cmbright
ebso9	public	cmbright
ebsr10	public	cmbright
ebsr17	public	cmbright
ebsr8	public	cmbright
ebsr9	public	cmbright
ebtl10	public	cmbright
ebto10	public	cmbright
tbbx10	public	cmbright
tbmo10	public	cmbright
tbmo17	public	cmbright
tbmo8	public	cmbright
tbmo9	public	cmbright
tbmr10	public	cmbright
tbmr17	public	cmbright
tbmr8	public	cmbright
tbmr9	public	cmbright
tbso10	public	cmbright
tbso17	public	cmbright
tbso8	public	cmbright
tbso9	public	cmbright
tbsr10	public	cmbright
tbsr17	public	cmbright
tbsr8	public	cmbright
tbsr9	public	cmbright
tbtl10	public	cmbright
tbto10	public	cmbright
@c
@c emacs-page
@c Wilson fonts:
trjnr10		public		trajan
trjnsl10	public		trajan
@c
@c lfb, Laurie Field's Metafont Greek.
lfb10		public	lfb
lfb11		public	lfb
lfb12		public	lfb
lfb5		public	lfb
lfb6		public	lfb
lfb7		public	lfb
lfb8		public	lfb
lfb9		public	lfb
lfbb10		public	lfb
lfbb11		public	lfb
lfbb12		public	lfb
lfbb5		public	lfb
lfbb6		public	lfb
lfbb7		public	lfb
lfbb8		public	lfb
lfbb9		public	lfb
@c
@c Mathematica fonts:
Math1           wolfram         mma
Math1-Bold      wolfram         mma
Math1Mono       wolfram         mma
Math1Mono-Bold  wolfram         mma
Math2           wolfram         mma
Math2-Bold      wolfram         mma
Math2Mono       wolfram         mma
Math2Mono-Bold  wolfram         mma
Math3           wolfram         mma
Math3-Bold      wolfram         mma
Math3Mono       wolfram         mma
Math3Mono-Bold  wolfram         mma
Math4           wolfram         mma
Math4-Bold      wolfram         mma
Math4Mono       wolfram         mma
Math4Mono-Bold  wolfram         mma
Math5           wolfram         mma
Math5-Bold      wolfram         mma
Math5Mono       wolfram         mma
Math5Mono-Bold  wolfram         mma
zwamb           wolfram         mma
zwamm           wolfram         mma
zwarb           wolfram         mma
zwarm           wolfram         mma
zwavb           wolfram         mma
zwavm           wolfram         mma
zwayb           wolfram         mma
zwaym           wolfram         mma
zwcmb           wolfram         mma
zwcmm           wolfram         mma
zwcrb           wolfram         mma
zwcrm           wolfram         mma
zwcvb           wolfram         mma
zwcvm           wolfram         mma
zwcyb           wolfram         mma
zwcym           wolfram         mma
zwsm            wolfram         mma
@c sample coming with PasTeX:
unilogo         public          pastex
@c ASCII font by RWD Nickalls <mtzrwn@uk.ac.nottingham.ccc.vax>
ascii-10        public          ascii           % CTAN:fonts/ascii
@c barcode fonts by Peter Willadt
wlc             public          barcode2        % CTAN:fonts/barcodes/willadt
@c Herbert Bayer's universal font by Christian Holm
universal       public          bayer
@c cherokee font by Alan M Stanier
cherokee        public          cherokee        % CTAN:fonts/cherokee
@c bbding symbol set by Karel Horak
bbding          public          bbding          % CTAN:fonts/bbding
@c chinese calendar symbols by Udo Heyl
china10         public          china2e         % CTAN:macros/latex/contrib/supported/china2e
@c Washington Romanized (WNRI) Indic by Anshuman Pandey
wnri            public          wnri            % CTAN:fonts/wnri
@c Computer Modern Roman Caps and Small Caps 10 point by W. Kaspar
cmbcsc10        public          misc            % CTAN:fonts/cm/mf-extra/bold
@c CMPICA by Don Hosek
cmpica          public          cmpica          % CTAN:fonts/cmpica
cmpicab         public          cmpica
cmpicati        public          cmpica
@c Computer Modern Phonetic by Emma Pease
cmph            public          phonetic        % CTAN:fonts/phonetic
@ Lucida Math symbols mixed with fake Times Math by Sebastian Rahtz
ptmlucrm        public          psnfssx         % CTAN:macros/latex/contrib/supported/psnfssx
ptmlucbf        public          psnfssx
ptmlucmi        public          psnfssx
ptmlucmn        public          psnfssx
ptmlucbn        public          psnfssx
@c Some math fonts built from Helvetica and Lucida by Sebastian Rahtz
phvlucrm        public          psnfssx         % CTAN:macros/latex/contrib/supported/psnfssx
phvlucbf        public          psnfssx
@ Some math fonts built from Times New Roman and Lucida by Sebastian Rahtz
mntlucrm        public          psnfssx         % CTAN:macros/latex/contrib/supported/psnfssx
mntlucbf        public          psnfssx
mntlucmi        public          psnfssx
mntlucmn        public          psnfssx
mntlucbn        public          psnfssx
@c qfonts: quasi times and quasi palatino
qplb            public          qfonts          % CTAN:fonts/psfonts/polish/qfonts
qplbi           public          qfonts
qplr            public          qfonts
qplri           public          qfonts
qtmb            public          qfonts
qtmbi           public          qfonts
qtmr            public          qfonts
qtmri           public          qfonts
@c Washington Romanized (WNRI) Indic by Anshuman Pandey
wnri            public          wnri            % CTAN:fonts/wnri
@c ZE fonts (virtual T1 fonts) by Robert Fuster
ze              public          zefonts         % CTAN:fonts/zefonts
cmbsy10o        public          zefonts
cmbxi10f        public          zefonts
cmmi10o         public          zefonts
cmmib10o        public          zefonts
cmsy10o         public          zefonts
cmvtt10o        public          zefonts
@c Washington State Universits International Phonetic Alphabet
wslipa          public          wsuipa          % CTAN:fonts/wsuipa
@c "Devanagari for TeX" by Frans J. Velthuis and Anshuman Pandey
dvng            public          devanagr        % CTAN:fonts/devanagari
@c ArabTeX by Klaus Lagally
hcaption        public          arabtex         % CTAN:language/arabtex
hclassic        public          arabtex
nash            public          arabtex
xnsh            public          arabtex
yarborn         public          arabtex
@c Malayalam-TeX fonts:
mm10            public          malayalam       % CTAN:language/malayalam/Malayalam-TeX-1.6.zip
mm12            public          malayalam
mm17            public          malayalam
mm6             public          malayalam
mm8             public          malayalam
mmb10           public          malayalam
mmb12           public          malayalam
mmb17           public          malayalam
mmbig           public          malayalam
mmbz            public          malayalam
mmc10           public          malayalam
mmc12           public          malayalam
mmc17           public          malayalam
mmcb            public          malayalam
mmcsl           public          malayalam
mmcz            public          malayalam
mmex            public          malayalam
mmsl            public          malayalam
mmz10           public          malayalam
mmz12           public          malayalam
mmz17           public          malayalam
mmz6            public          malayalam
mmz8            public          malayalam
orn10           public          malayalam
grafbase        public          mfpic           % CTAN:graphics/mfpic
punk            public          punk            % CTAN:fonts/punk
dancers         public          dancers         % CTAN:fonts/dancers
dingbat         public          dingbat         % CTAN:fonts/dingbat
arrsy           arrsy           arrsy           % CTAN:macros/generic/diagrams/kuvio/arrsy
@c Computer Duerer fonts by Alan Hoenig
cdb10           public          duerer          % CTAN:fonts/duerer
cdi10           public          duerer
cdr10           public          duerer
cdsl10          public          duerer
cdss10          public          duerer
cdtt10          public          duerer
@c Gaelic fonts: eiad font family
eiad            public          eiad            % CTAN:fonts/eiad
@c Mongolian for LaTeX2e, Oliver Corff and Dorjpalam Dorj
kmb             public          montex          % CTAN:language/mongolian/montex
kmcsc           public          montex
kmdunh          public          montex
kmff            public          montex
kmfi            public          montex
kmfib           public          montex
kminch          public          montex
kmitt           public          montex
kmr             public          montex
kmsl            public          montex
kmss            public          montex
kmtcsc          public          montex
kmti            public          montex
kmtt            public          montex
kmu             public          montex
kmvtt           public          montex
@c montex (old font names)
mcbizx          public          montex
mcbozx          public          montex
mcbszx          public          montex
mcbz            public          montex
mcbzx           public          montex
mcdszc          public          montex
mcrctz          public          montex
mcrcz           public          montex
mcrisz          public          montex
mcritz          public          montex
mcriz           public          montex
mcrotz          public          montex
mcroz           public          montex
mcrsz           public          montex
mcrtz           public          montex
mcytitle        public          montex
mczinch         public          montex
@c OGHAM alphabet, by Alan M Stanier
ogham           public          ogham           % CTAN:fonts/ogham
morse           public          morse           % CTAN:fonts/morse
@c Concrete version of CM and EC:
cc              public          concrete        % CTAN:fonts/concrete
xcc             public          concmath        % CTAN:fonts/concmath
eocc            public          ecc
eorm            public          ecc
eosl            public          ecc
eoti            public          ecc
torm            public          ecc
tosl            public          ecc
toti            public          ecc
tcssdc10        public          ecc
@c AMS fonts:
euxm            public          euxm            % euxm by Don Knuth
eu              ams             euler           % AMS Euler family
msam5           ams             symbols
msam6           ams             symbols
msam7           ams             symbols
msam8           ams             symbols
msam9           ams             symbols
msam10          ams             symbols
msbm5           ams             symbols
msbm6           ams             symbols
msbm7           ams             symbols
msbm8           ams             symbols
msbm9           ams             symbols
msbm10          ams             symbols
wncy            ams             cyrillic        % AMS Cyrillic
@c Computer Modern Blackboard:
bbm5            public          bbm             % CTAN:fonts/cm/bbm
bbm6            public          bbm
bbm7            public          bbm
bbm8            public          bbm
bbm9            public          bbm
bbm10           public          bbm
bbm12           public          bbm
bbm17           public          bbm
bbmb10          public          bbm
bbmbx5          public          bbm
bbmbx6          public          bbm
bbmbx7          public          bbm
bbmbx8          public          bbm
bbmbx9          public          bbm
bbmbx10         public          bbm
bbmbx12         public          bbm
bbmbxsl10       public          bbm
bbmdunh10       public          bbm
bbmfib8         public          bbm
bbmsl8          public          bbm
bbmsl9          public          bbm
bbmsl10         public          bbm
bbmsl12         public          bbm
bbmsltt10       public          bbm
bbmss8          public          bbm
bbmss9          public          bbm
bbmss10         public          bbm
bbmss12         public          bbm
bbmss17         public          bbm
bbmssbx10       public          bbm
bbmssdc10       public          bbm
bbmssi8         public          bbm
bbmssi9         public          bbm
bbmssi10        public          bbm
bbmssi12        public          bbm
bbmssi17        public          bbm
bbmssq8         public          bbm
bbmssqi8        public          bbm
bbmtt8          public          bbm
bbmtt9          public          bbm
bbmtt10         public          bbm
bbmtt12         public          bbm
bbmvtt10        public          bbm
@c Alan Jeffrey's Blackboard font:
bbold5          public          bbold           % CTAN:fonts/bbold
bbold6          public          bbold
bbold7          public          bbold
bbold8          public          bbold
bbold9          public          bbold
bbold10         public          bbold
bbold12         public          bbold
bbold17         public          bbold
@c Ralph A. Smith's Formal Script:
rsfs5           public          rsfs            % CTAN:fonts/rsfs
rsfs7           public          rsfs
rsfs10          public          rsfs
@c The St Mary's Road symbol font:
stmary5         public          stmary          % CTAN:fonts/stmaryrd
stmary6         public          stmary
stmary7         public          stmary
stmary8         public          stmary
stmary9         public          stmary
stmary10        public          stmary
@c Roland Waldi's symbol font:
wasy5           public          wasy            % CTAN:fonts/wasy2
wasy6           public          wasy
wasy7           public          wasy
wasy8           public          wasy
wasy9           public          wasy
wasy10          public          wasy
wasyb10         public          wasy
@c Fonts from the Xy-Pic package:
xyatip          public          xypic           % CTAN:macros/generic/diagrams/xypic
xybsql          public          xypic
xybtip          public          xypic
xycirc          public          xypic
xycmat          public          xypic
xycmbt          public          xypic
xyd             public          xypic
xyeuat          public          xypic
xyeubt          public          xypic
xyline          public          xypic
xymisc          public          xypic
xyqc            public          xypic
@c Gothic fonts:
ysmfrak         public          gothic
cmfrak          public          gothic
dcfrak          public          gothic
yfrak           public          gothic
ygoth           public          gothic
yinit           public          gothic
yswab           public          gothic
suet            public          gothic
schwell         public          gothic
@c EC math fonts by Daniel Taupin:
exmi            public          ecmath          % CTAN:macros/ec-plain
@c font for typesetting APL code
cmapl10         public          apl             % CTAN:fonts/apl
@c Fonts maintained by J"org Knappen:
bashkir         jknappen        bashkiri
idc             jknappen        dc
iec             jknappen        ec
dc              jknappen        dc
ec              jknappen        ec
fc              jknappen        fc
tc              jknappen        tc
bbm             jknappen        sauter
bbold           jknappen        sauter
cm              jknappen        sauter
czinch          jknappen        sauter
czssq           jknappen        sauter
icm             jknappen        sauter
ilasy           jknappen        sauter
ilcm            jknappen        sauter
lasy            jknappen        sauter
lcircle         jknappen        sauter
line            jknappen        sauter
msam            jknappen        sauter
msbm            jknappen        sauter
rsfs            jknappen        sauter
stmary          jknappen        sauter
wasy            jknappen        sauter
@c Fonts for the mathptm and mathppl packages:
zpsycm          adobe           mathptm
zptmcm          adobe           mathptm
zpzccm          adobe           mathptm
zpplcm          adobe           mathppl
@c Mathematica virtual font package:
zwam            wolfram         mma
zwar            wolfram         mma
zwav            wolfram         mma
zway            wolfram         mma
zwcm            wolfram         mma
zwcr            wolfram         mma
zwcv            wolfram         mma
zwcy            wolfram         mma
zwsm            wolfram         mma
@c The Greek cb fonts:
@c original author Thomas Ziegler (zie@LTE.E-TECHNIK.uni-erlangen.de)
@c enhancement and corrections  by
@c Apostolos Syropoulos (apostolo@platon.ee.duth.gr)
glic            public          cbgreek
glin            public          cbgreek
glio            public          cbgreek
gljc            public          cbgreek
gljn            public          cbgreek
gljo            public          cbgreek
glmc            public          cbgreek
glmn            public          cbgreek
glmo            public          cbgreek
gltc            public          cbgreek
gltn            public          cbgreek
glto            public          cbgreek
glwc            public          cbgreek
glwn            public          cbgreek
glwo            public          cbgreek
glxc            public          cbgreek
glxn            public          cbgreek
glxo            public          cbgreek
gomc            public          cbgreek
gomn            public          cbgreek
gomo            public          cbgreek
goxc            public          cbgreek
goxn            public          cbgreek
goxo            public          cbgreek
grmc            public          cbgreek
grmn            public          cbgreek
grmo            public          cbgreek
grxc            public          cbgreek
grxn            public          cbgreek
grxo            public          cbgreek
gsmc            public          cbgreek
gsmn            public          cbgreek
gsmo            public          cbgreek
gsxc            public          cbgreek
gsxn            public          cbgreek
gsxo            public          cbgreek
gttc            public          cbgreek
gttn            public          cbgreek
gtto            public          cbgreek
@c Greek fonts:
grib            public          ibygrk          % CTAN:fonts/greek/ibygrk
kdbf            public          kdgreek         % CTAN:fonts/greek/kd
kdgr            public          kdgreek
kdsl            public          kdgreek
kdti            public          kdgreek
kdtt            public          kdgreek
okdgr           public          kdgreek
@c Polish fonts by Bogus\l{}aw Jackowski, Marek Ry\'cko, Roman Tomaszewski.
cmssbi          public          pl              % CTAN:language/polish/pl-mf.zip
dlr             public          pl
plb             public          pl
plcsc           public          pl
pldunh          public          pl
plex            public          pl
plff            public          pl
plfi            public          pl
plitt           public          pl
plmi            public          pl
plr             public          pl
plsl            public          pl
plss            public          pl
plsy            public          pl
pltcsc          public          pl
pltex           public          pl
plti            public          pl
pltt            public          pl
plu             public          pl
plvtt           public          pl
@c Fonts for typesetting circuit diagrams:
cibimos         public          circ            % CTAN:macros/generic/diagrams/circ
cicirc          public          circ
cidiod          public          circ
cioptic         public          circ
ciphysic        public          circ
cirest          public          circ
cisym           public          circ
ciwidko         public          circ
@c Fonts for typesetting circuit diagrams (old version)
csybimos        public          circ            % CTAN:macros/generic/diagrams/circ
csycirc         public          circ
csydiod         public          circ
csym            public          circ
csyrest         public          circ
csysym          public          circ
csywidko        public          circ
@c Vietnamese Computer Modern
vn		public		vnr
@c Bitmap fonts for traditional Chinese in Big 5 encoding
@c (from Central Bureau of Standards Ministry of Economy, Taiwan, ROC)
c0so1201        cns             c0so12
c0so1202        cns             c0so12
c0so1203        cns             c0so12
c0so1204        cns             c0so12
c0so1205        cns             c0so12
c0so1206        cns             c0so12
c0so1207        cns             c0so12
c0so1208        cns             c0so12
c0so1209        cns             c0so12
c0so1210        cns             c0so12
c0so1211        cns             c0so12
c0so1212        cns             c0so12
c0so1213        cns             c0so12
c0so1214        cns             c0so12
c0so1215        cns             c0so12
c0so1216        cns             c0so12
c0so1217        cns             c0so12
c0so1218        cns             c0so12
c0so1219        cns             c0so12
c0so1220        cns             c0so12
c0so1221        cns             c0so12
c0so1222        cns             c0so12
c0so1223        cns             c0so12
c0so1224        cns             c0so12
c0so1225        cns             c0so12
c0so1226        cns             c0so12
c0so1227        cns             c0so12
c0so1228        cns             c0so12
c0so1229        cns             c0so12
c0so1230        cns             c0so12
c0so1231        cns             c0so12
c0so1232        cns             c0so12
c0so1233        cns             c0so12
c0so1234        cns             c0so12
c0so1235        cns             c0so12
c0so1236        cns             c0so12
c0so1237        cns             c0so12
c0so1238        cns             c0so12
c0so1239        cns             c0so12
c0so1240        cns             c0so12
c0so1241        cns             c0so12
c0so1242        cns             c0so12
c0so1243        cns             c0so12
c0so1244        cns             c0so12
c0so1245        cns             c0so12
c0so1246        cns             c0so12
c0so1247        cns             c0so12
c0so1248        cns             c0so12
c0so1249        cns             c0so12
c0so1250        cns             c0so12
c0so1251        cns             c0so12
c0so1252        cns             c0so12
c0so1253        cns             c0so12
c0so1254        cns             c0so12
c0so1255        cns             c0so12
@c Bitmap fonts for traditional Chinese in CNS encoding (plane 1)
@c (from Central Bureau of Standards Ministry of Economy, Taiwan, ROC)
c1so1201        cns             c1so12
c1so1202        cns             c1so12
c1so1203        cns             c1so12
c1so1204        cns             c1so12
c1so1205        cns             c1so12
c1so1206        cns             c1so12
c1so1207        cns             c1so12
c1so1208        cns             c1so12
c1so1209        cns             c1so12
c1so1210        cns             c1so12
c1so1211        cns             c1so12
c1so1212        cns             c1so12
c1so1213        cns             c1so12
c1so1214        cns             c1so12
c1so1215        cns             c1so12
c1so1216        cns             c1so12
c1so1217        cns             c1so12
c1so1218        cns             c1so12
c1so1219        cns             c1so12
c1so1220        cns             c1so12
c1so1221        cns             c1so12
c1so1222        cns             c1so12
c1so1223        cns             c1so12
c1so1224        cns             c1so12
c1so1225        cns             c1so12
c1so1226        cns             c1so12
c1so1227        cns             c1so12
c1so1228        cns             c1so12
c1so1229        cns             c1so12
c1so1230        cns             c1so12
c1so1231        cns             c1so12
c1so1232        cns             c1so12
c1so1233        cns             c1so12
c1so1234        cns             c1so12
@c Bitmap fonts for traditional Chinese in CNS encoding (plane 2)
@c (from Central Bureau of Standards Ministry of Economy, Taiwan, ROC)
c2so1201        cns             c2so12
c2so1202        cns             c2so12
c2so1203        cns             c2so12
c2so1204        cns             c2so12
c2so1205        cns             c2so12
c2so1206        cns             c2so12
c2so1207        cns             c2so12
c2so1208        cns             c2so12
c2so1209        cns             c2so12
c2so1210        cns             c2so12
c2so1211        cns             c2so12
c2so1212        cns             c2so12
c2so1213        cns             c2so12
c2so1214        cns             c2so12
c2so1215        cns             c2so12
c2so1216        cns             c2so12
c2so1217        cns             c2so12
c2so1218        cns             c2so12
c2so1219        cns             c2so12
c2so1220        cns             c2so12
c2so1221        cns             c2so12
c2so1222        cns             c2so12
c2so1223        cns             c2so12
c2so1224        cns             c2so12
c2so1225        cns             c2so12
c2so1226        cns             c2so12
c2so1227        cns             c2so12
c2so1228        cns             c2so12
c2so1229        cns             c2so12
c2so1230        cns             c2so12
@c Bitmap fonts for traditional Chinese in CNS encoding (plane 3)
@c (from Central Bureau of Standards Ministry of Economy, Taiwan, ROC)
c3so1201        cns             c3so12
c3so1202        cns             c3so12
c3so1203        cns             c3so12
c3so1204        cns             c3so12
c3so1205        cns             c3so12
c3so1206        cns             c3so12
c3so1207        cns             c3so12
c3so1208        cns             c3so12
c3so1209        cns             c3so12
c3so1210        cns             c3so12
c3so1211        cns             c3so12
c3so1212        cns             c3so12
c3so1213        cns             c3so12
c3so1214        cns             c3so12
c3so1215        cns             c3so12
c3so1216        cns             c3so12
c3so1217        cns             c3so12
c3so1218        cns             c3so12
c3so1219        cns             c3so12
c3so1220        cns             c3so12
c3so1221        cns             c3so12
c3so1222        cns             c3so12
c3so1223        cns             c3so12
c3so1224        cns             c3so12
c3so1225        cns             c3so12
@c Bitmap fonts for traditional Chinese in CNS encoding (plane 4)
@c (from Central Bureau of Standards Ministry of Economy, Taiwan, ROC)
c4so1201        cns             c4so12
c4so1202        cns             c4so12
c4so1203        cns             c4so12
c4so1204        cns             c4so12
c4so1205        cns             c4so12
c4so1206        cns             c4so12
c4so1207        cns             c4so12
c4so1208        cns             c4so12
c4so1209        cns             c4so12
c4so1210        cns             c4so12
c4so1211        cns             c4so12
c4so1212        cns             c4so12
c4so1213        cns             c4so12
c4so1214        cns             c4so12
c4so1215        cns             c4so12
c4so1216        cns             c4so12
c4so1217        cns             c4so12
c4so1218        cns             c4so12
c4so1219        cns             c4so12
c4so1220        cns             c4so12
c4so1221        cns             c4so12
c4so1222        cns             c4so12
c4so1223        cns             c4so12
c4so1224        cns             c4so12
c4so1225        cns             c4so12
c4so1226        cns             c4so12
c4so1227        cns             c4so12
c4so1228        cns             c4so12
c4so1229        cns             c4so12
@c Bitmap fonts for traditional Chinese in CNS encoding (plane 5)
@c (from Central Bureau of Standards Ministry of Economy, Taiwan, ROC)
c5so1201        cns             c5so12
c5so1202        cns             c5so12
c5so1203        cns             c5so12
c5so1204        cns             c5so12
c5so1205        cns             c5so12
c5so1206        cns             c5so12
c5so1207        cns             c5so12
c5so1208        cns             c5so12
c5so1209        cns             c5so12
c5so1210        cns             c5so12
c5so1211        cns             c5so12
c5so1212        cns             c5so12
c5so1213        cns             c5so12
c5so1214        cns             c5so12
c5so1215        cns             c5so12
c5so1216        cns             c5so12
c5so1217        cns             c5so12
c5so1218        cns             c5so12
c5so1219        cns             c5so12
c5so1220        cns             c5so12
c5so1221        cns             c5so12
c5so1222        cns             c5so12
c5so1223        cns             c5so12
c5so1224        cns             c5so12
c5so1225        cns             c5so12
c5so1226        cns             c5so12
c5so1227        cns             c5so12
c5so1228        cns             c5so12
c5so1229        cns             c5so12
c5so1230        cns             c5so12
c5so1231        cns             c5so12
c5so1232        cns             c5so12
c5so1233        cns             c5so12
c5so1234        cns             c5so12
@c Bitmap fonts for traditional Chinese in CNS encoding (plane 6)
@c (from Central Bureau of Standards Ministry of Economy, Taiwan, ROC)
c6so1201        cns             c6so12
c6so1202        cns             c6so12
c6so1203        cns             c6so12
c6so1204        cns             c6so12
c6so1205        cns             c6so12
c6so1206        cns             c6so12
c6so1207        cns             c6so12
c6so1208        cns             c6so12
c6so1209        cns             c6so12
c6so1210        cns             c6so12
c6so1211        cns             c6so12
c6so1212        cns             c6so12
c6so1213        cns             c6so12
c6so1214        cns             c6so12
c6so1215        cns             c6so12
c6so1216        cns             c6so12
c6so1217        cns             c6so12
c6so1218        cns             c6so12
c6so1219        cns             c6so12
c6so1220        cns             c6so12
c6so1221        cns             c6so12
c6so1222        cns             c6so12
c6so1223        cns             c6so12
c6so1224        cns             c6so12
c6so1225        cns             c6so12
@c Bitmap fonts for traditional Chinese in CNS encoding (plane 7)
@c (from Central Bureau of Standards Ministry of Economy, Taiwan, ROC)
c7so1201        cns             c7so12
c7so1202        cns             c7so12
c7so1203        cns             c7so12
c7so1204        cns             c7so12
c7so1205        cns             c7so12
c7so1206        cns             c7so12
c7so1207        cns             c7so12
c7so1208        cns             c7so12
c7so1209        cns             c7so12
c7so1210        cns             c7so12
c7so1211        cns             c7so12
c7so1212        cns             c7so12
c7so1213        cns             c7so12
c7so1214        cns             c7so12
c7so1215        cns             c7so12
c7so1216        cns             c7so12
c7so1217        cns             c7so12
c7so1218        cns             c7so12
c7so1219        cns             c7so12
c7so1220        cns             c7so12
c7so1221        cns             c7so12
c7so1222        cns             c7so12
c7so1223        cns             c7so12
c7so1224        cns             c7so12
c7so1225        cns             c7so12
c7so1226        cns             c7so12
@c Czech/Slovak fonts by Petr Olsak:
lcsss           public          cs              % ftp://math.feld.cvut.cz/pub/cstex/unix/csfonts.tar.gz
ilcsss          public          cs
icstt           public          cs
icscsc          public          cs
cs              public          cs
@c The LH fonts, created by Olga Lapko from CyrTUG
@c
@c LCY encoding
ilh             lh              lh-lcy
lhb             lh              lh-lcy
lhcsc           lh              lh-lcy
lhdunh          lh              lh-lcy
lhff            lh              lh-lcy
lhfi            lh              lh-lcy
lhitt           lh              lh-lcy
lhr             lh              lh-lcy
lhsl            lh              lh-lcy
lhss            lh              lh-lcy
lhtcsc          lh              lh-lcy
lhti            lh              lh-lcy
lhtt            lh              lh-lcy
lhu             lh              lh-lcy
lhvtt           lh              lh-lcy
@c Cyrillic part of LCY encoding for virtual lh* fonts
ill             lh              lh-lcy
llb             lh              lh-lcy
llcsc           lh              lh-lcy
lldunh          lh              lh-lcy
llff            lh              lh-lcy
llfi            lh              lh-lcy
llitt           lh              lh-lcy
llr             lh              lh-lcy
llsl            lh              lh-lcy
llss            lh              lh-lcy
lltcsc          lh              lh-lcy
llti            lh              lh-lcy
lltt            lh              lh-lcy
llu             lh              lh-lcy
llvtt           lh              lh-lcy
@c OT2 encoding
iwn             lh              lh-ot2
wnb             lh              lh-ot2
wncsc           lh              lh-ot2
wndunh          lh              lh-ot2
wnff            lh              lh-ot2
wnfi            lh              lh-ot2
wnitt           lh              lh-ot2
wnr             lh              lh-ot2
wnsl            lh              lh-ot2
wnss            lh              lh-ot2
wntcsc          lh              lh-ot2
wnti            lh              lh-ot2
wntt            lh              lh-ot2
wnu             lh              lh-ot2
wnvtt           lh              lh-ot2
@c T2A encoding
labi            lh              lh-t2a
labl            lh              lh-t2a
labm            lh              lh-t2a
labx            lh              lh-t2a
lacc            lh              lh-t2a
laci            lh              lh-t2a
ladh            lh              lh-t2a
lafb            lh              lh-t2a
laff            lh              lh-t2a
lafi            lh              lh-t2a
lafs            lh              lh-t2a
lait            lh              lh-t2a
laoc            lh              lh-t2a
larb            lh              lh-t2a
larm            lh              lh-t2a
lasc            lh              lh-t2a
lasi            lh              lh-t2a
lasl            lh              lh-t2a
laso            lh              lh-t2a
lass            lh              lh-t2a
last            lh              lh-t2a
lasx            lh              lh-t2a
latc            lh              lh-t2a
lati            lh              lh-t2a
latt            lh              lh-t2a
laui            lh              lh-t2a
lavi            lh              lh-t2a
lavt            lh              lh-t2a
laxc            lh              lh-t2a
@c T2B encoding
lbbi            lh              lh-t2b
lbbl            lh              lh-t2b
lbbm            lh              lh-t2b
lbbx            lh              lh-t2b
lbcc            lh              lh-t2b
lbci            lh              lh-t2b
lbdh            lh              lh-t2b
lbfb            lh              lh-t2b
lbff            lh              lh-t2b
lbfi            lh              lh-t2b
lbfs            lh              lh-t2b
lbit            lh              lh-t2b
lboc            lh              lh-t2b
lbrb            lh              lh-t2b
lbrm            lh              lh-t2b
lbsc            lh              lh-t2b
lbsi            lh              lh-t2b
lbsl            lh              lh-t2b
lbso            lh              lh-t2b
lbss            lh              lh-t2b
lbst            lh              lh-t2b
lbsx            lh              lh-t2b
lbtc            lh              lh-t2b
lbti            lh              lh-t2b
lbtt            lh              lh-t2b
lbui            lh              lh-t2b
lbvi            lh              lh-t2b
lbvt            lh              lh-t2b
lbxc            lh              lh-t2b
@c T2C encoding
lcbi            lh              lh-t2c
lcbl            lh              lh-t2c
lcbm            lh              lh-t2c
lcbx            lh              lh-t2c
lccc            lh              lh-t2c
lcci            lh              lh-t2c
lcdh            lh              lh-t2c
lcfb            lh              lh-t2c
lcff            lh              lh-t2c
lcfi            lh              lh-t2c
lcfs            lh              lh-t2c
lcit            lh              lh-t2c
lcoc            lh              lh-t2c
lcrb            lh              lh-t2c
lcrm            lh              lh-t2c
lcsc            lh              lh-t2c
lcsi            lh              lh-t2c
lcsl            lh              lh-t2c
lcso            lh              lh-t2c
lcss            lh              lh-t2c
lcst            lh              lh-t2c
lcsx            lh              lh-t2c
lctc            lh              lh-t2c
lcti            lh              lh-t2c
lctt            lh              lh-t2c
lcui            lh              lh-t2c
lcvi            lh              lh-t2c
lcvt            lh              lh-t2c
lcxc            lh              lh-t2c
@c X2 encoding
rxbi            lh              lh-x2
rxbl            lh              lh-x2
rxbm            lh              lh-x2
rxbx            lh              lh-x2
rxcc            lh              lh-x2
rxci            lh              lh-x2
rxdh            lh              lh-x2
rxfb            lh              lh-x2
rxff            lh              lh-x2
rxfi            lh              lh-x2
rxfs            lh              lh-x2
rxit            lh              lh-x2
rxoc            lh              lh-x2
rxrb            lh              lh-x2
rxrm            lh              lh-x2
rxsc            lh              lh-x2
rxsi            lh              lh-x2
rxsl            lh              lh-x2
rxso            lh              lh-x2
rxss            lh              lh-x2
rxst            lh              lh-x2
rxsx            lh              lh-x2
rxtc            lh              lh-x2
rxti            lh              lh-x2
rxtt            lh              lh-x2
rxui            lh              lh-x2
rxvi            lh              lh-x2
rxvt            lh              lh-x2
rxxc            lh              lh-x2
@c MathTime and MathTime Plus fonts:
mtexb           yandy           mathplus
mtexh           yandy           mathplus
mtgu            yandy           mathplus
mtls            yandy           mathplus
mtms            yandy           mathplus
mtmub           yandy           mathplus
mtmuh           yandy           mathplus
mtsyb           yandy           mathplus
mtsyh           yandy           mathplus
mtsyn           yandy           mathplus
rmtmib          yandy           mathplus
rmtmih          yandy           mathplus
rmtmub          yandy           mathplus
rmtmuh          yandy           mathplus
mtex            yandy           mathtime
mtmi            yandy           mathtime
mtsy            yandy           mathtime
rmtmi           yandy           mathtime
@c Lucida Bright and New Math fonts:
lbd             yandy           lubright
lbi             yandy           lubright
lbr             yandy           lubright
lbsl            yandy           lubright
lbc             yandy           lucida
lbh             yandy           lucida
lbki            yandy           lucida
lbkr            yandy           lucida
lbl             yandy           lucida
lbtb            yandy           lucida
lbto            yandy           lucida
lbtr            yandy           lucida
lfd             yandy           lucidfax
lfi             yandy           lucidfax
lfr             yandy           lucidfax
lsb             yandy           lucsans
lsd             yandy           lucsans
lsi             yandy           lucsans
lsr             yandy           lucsans
lstb            yandy           lucsans
lsto            yandy           lucsans
lstr            yandy           lucsans
lbma            yandy           lumath
lbmd            yandy           lumath
lbme            yandy           lumath
lbmi            yandy           lumath
lbmo            yandy           lumath
lbmr            yandy           lumath
lbms            yandy           lumath
@c Malvern fonts:
ma53a           public          malvern         % CTAN:fonts/malvern
ma55a           public          malvern
ma55b           public          malvern
ma55c           public          malvern
ma55g           public          malvern
ma55s           public          malvern
ma56a           public          malvern
ma56b           public          malvern
ma56g           public          malvern
ma56s           public          malvern
ma57a           public          malvern
ma75a           public          malvern
ma75b           public          malvern
ma75s           public          malvern
ma76a           public          malvern
ma76b           public          malvern
ma76s           public          malvern
@c Pandora fonts:
pnb             public          pandora
pnr             public          pandora
pnsl            public          pandora
pnss            public          pandora
pntt            public          pandora
@c Fonts for typesetting music:
beam            public          music
music           public          music
musicbra        public          music
musicbrb        public          music
musikn          public          music
slur            public          music
musix           public          musix
musixsps        public          musix
musixspx        public          musix
xgreg           public          musix
xsl             public          musix
xsld11d         public          musix
xsld13d         public          musix
xsld16d         public          musix
xsld20d         public          musix
xsld24d         public          musix
xsld29d         public          musix
xslhd11d        public          musix
xslhd13d        public          musix
xslhd16d        public          musix
xslhd20d        public          musix
xslhd24d        public          musix
xslhd29d        public          musix
xslhu11d        public          musix
xslhu13d        public          musix
xslhu16d        public          musix
xslhu20d        public          musix
xslhu20m        public          musix
xslhu24d        public          musix
xslhu29d        public          musix
xslhz20d        public          musix
xslu11d         public          musix
xslu13d         public          musix
xslu16d         public          musix
xslu20d         public          musix
xslu24d         public          musix
xslu29d         public          musix
xslz20d         public          musix
xtie            public          musix
opus            opustex         opus
osl             opustex         opus
@c Polish Computer Concrete fonts by Bogus\l{}aw Jackowski and Marek Ry\'cko:
pccsc           public          cc-pl           % CTAN:language/polish/cc-pl.zip
pcmi            public          cc-pl
pcr             public          cc-pl
pcsl            public          cc-pl
pcslc           public          cc-pl
pcti            public          cc-pl
@c GO fonts by Hanna Kolodziejska:
go1bla          public          go
go1whi          public          go
go2bla          public          go
go2whi          public          go
go              public          go              % CTAN:fonts/go
@c Chess fonts by Piet Tutelaers:
chess10f        public          chess           % CTAN:fonts/chess
chess           public          chess           % CTAN:fonts/chess
@c
@c Fonts maintained by Fukui Rei(fkr@tooyoo.l.u-tokyo.ac.jp):
tipa  fkr tipa    % CTAN:fonts/tipa
xipa  fkr tipa    % CTAN:fonts/tipa
tsipa fkr tsipa   % CTAN:fonts/tsipa
@c
@c Other public fonts:
bg              public          bg              % CTAN:macros/latex/contrib/other/bg
callig          public          calligra        % CTAN:fonts/calligra
twcal           public          twcal           % CTAN:fonts/twcal
va14            public          va              % CTAN:fonts/va
vacal           public          va
la14            public          la              % CTAN:fonts/la
arrsy           public          arrsy           % CTAN:generic/diagrams/kuvio/arrsy
astrosym        public          astrosym        % CTAN:fonts/astro
cirbf           public          cirth           % CTAN:fonts/cirth
cirsl           public          cirth
cirss           public          cirth
cirth           public          cirth
lams            public          lamstex         % CTAN:macros/lamstex
milstd          public          logic           % CTAN:fonts/logic
oneone          public          misc            % CTAN:systems/knuth/local/lib
futhol          public          futhark         % CTAN:fonts/futhark
tengwar         public          tengwar         % CTAN:fonts/tengwar
engwar          public          engwar          % CTAN:fonts/engwar
hands           public          hands           % CTAN:fonts/hands
karta           public          karta           % CTAN:fonts/karta
teng            public          elvish          % CTAN:fonts/elvish
wbxipa          public          wsuipa          % CTAN:fonts/wsuipa
wsuipa          public          wsuipa
rgr             public          rgr             % CTAN:fonts/greek/yannis
mrgr            public          rgr
timing1s        public          timing
timing2s        public          timing
timing          public          timing          % CTAN:macros/latex/contrib/other/timing
ulsy            public          ulsy            % CTAN:macros/latex/contrib/supported/ulsy
umranda         public          niceframe       % CTAN:macros/latex/contrib/supported/niceframe
umrandb         public          niceframe
dingbat         public          niceframe
yhcmex          public          yhmath          % CTAN:macros/latex/contrib/supported/yhmath
optic           public          optic
ocrb            public          ean             % CTAN:macros/generic/ean
ocr             public          ocr
ocm             public          ocm             % CTAN:fonts/cm/cmoutlines
feta            public          lilypond
@c old alphabets by Peter Wilson
cpcr10          public          pacioli
cpcsl10         public          pacioli
etr10           public          etruscan
gvibc10         public          greek6cbc
phnc10          public          phoenician
fut10           public          runic
@c Lucida with cyrillic encoding
lscyb           bh              luccyr         % CTAN:fonts/cyrillic/ot2cyr
lscybo          bh              luccyr
lscyo           bh              luccyr
lscyr           bh              luccyr
lstcyb          bh              luccyr
lstcybo         bh              luccyr
lstcyo          bh              luccyr
lstcyr          bh              luccyr
@c metrics for fonts that are build into HP Laserjet printers:
ale10u          cg              albertus
ale6j           cg              albertus
ale7j           cg              albertus
ale8u           cg              albertus
alr10u          cg              albertus
alr6j           cg              albertus
alr7j           cg              albertus
alr8u           cg              albertus
anb10u          cg              atqolive
anb6j           cg              atqolive
anb7j           cg              atqolive
anb8u           cg              atqolive
ani10u          cg              atqolive
ani6j           cg              atqolive
ani7j           cg              atqolive
ani8u           cg              atqolive
anr10u          cg              atqolive
anr6j           cg              atqolive
anr7j           cg              atqolive
anr8u           cg              atqolive
clc10u          cg              clarendo
clc6j           cg              clarendo
clc7j           cg              clarendo
clc8u           cg              clarendo
cor10u          cg              coronet
cor6j           cg              coronet
cor7j           cg              coronet
cor8u           cg              coronet
crb10u          cg              courier
crb2n           cg              courier
crb6j           cg              courier
crb7j           cg              courier
crb8u           cg              courier
crb9t           cg              courier
cri10u          cg              courier
cri2n           cg              courier
cri6j           cg              courier
cri7j           cg              courier
cri8u           cg              courier
cri9t           cg              courier
crj10u          cg              courier
crj2n           cg              courier
crj6j           cg              courier
crj7j           cg              courier
crj8u           cg              courier
crj9t           cg              courier
crr10u          cg              courier
crr2n           cg              courier
crr6j           cg              courier
crr7j           cg              courier
crr8u           cg              courier
crr9t           cg              courier
gra10u          cg              garamond
gra6j           cg              garamond
gra7j           cg              garamond
gra8u           cg              garamond
grh10u          cg              garamond
grh6j           cg              garamond
grh7j           cg              garamond
grh8u           cg              garamond
grk10u          cg              garamond
grk6j           cg              garamond
grk7j           cg              garamond
grk8u           cg              garamond
grl10u          cg              garamond
grl6j           cg              garamond
grl7j           cg              garamond
grl8u           cg              garamond
lgb10u          cg              lettrgth
lgb2n           cg              lettrgth
lgb6j           cg              lettrgth
lgb7j           cg              lettrgth
lgb8u           cg              lettrgth
lgb9t           cg              lettrgth
lgi10u          cg              lettrgth
lgi2n           cg              lettrgth
lgi6j           cg              lettrgth
lgi7j           cg              lettrgth
lgi8u           cg              lettrgth
lgi9t           cg              lettrgth
lgr10u          cg              lettrgth
lgr2n           cg              lettrgth
lgr6j           cg              lettrgth
lgr7j           cg              lettrgth
lgr8u           cg              lettrgth
lgr9t           cg              lettrgth
mrr10u          cg              marigold
mrr6j           cg              marigold
mrr7j           cg              marigold
mrr8u           cg              marigold
omb10u          cg              optima
omb6j           cg              optima
omb7j           cg              optima
omb8u           cg              optima
omi10u          cg              optima
omi6j           cg              optima
omi7j           cg              optima
omi8u           cg              optima
omj10u          cg              optima
omj6j           cg              optima
omj7j           cg              optima
omj8u           cg              optima
omr10u          cg              optima
omr6j           cg              optima
omr7j           cg              optima
omr8u           cg              optima
trb10u          cg              times
trb2n           cg              times
trb6j           cg              times
trb7j           cg              times
trb8u           cg              times
trb9t           cg              times
tri10u          cg              times
tri2n           cg              times
tri6j           cg              times
tri7j           cg              times
tri8u           cg              times
tri9t           cg              times
trj10u          cg              times
trj2n           cg              times
trj6j           cg              times
trj7j           cg              times
trj8u           cg              times
trj9t           cg              times
trr10u          cg              times
trr2n           cg              times
trr6j           cg              times
trr7j           cg              times
trr8u           cg              times
trr9t           cg              times
ucb10u          cg              univers
ucb6j           cg              univers
ucb7j           cg              univers
ucb8u           cg              univers
uci10u          cg              univers
uci6j           cg              univers
uci7j           cg              univers
uci8u           cg              univers
ucj10u          cg              univers
ucj6j           cg              univers
ucj7j           cg              univers
ucj8u           cg              univers
ucr10u          cg              univers
ucr6j           cg              univers
ucr7j           cg              univers
ucr8u           cg              univers
unb10u          cg              univers
unb2n           cg              univers
unb6j           cg              univers
unb7j           cg              univers
unb8u           cg              univers
unb9t           cg              univers
uni10u          cg              univers
uni2n           cg              univers
uni6j           cg              univers
uni7j           cg              univers
uni8u           cg              univers
uni9t           cg              univers
unj10u          cg              univers
unj2n           cg              univers
unj6j           cg              univers
unj7j           cg              univers
unj8u           cg              univers
unj9t           cg              univers
unr10u          cg              univers
unr2n           cg              univers
unr6j           cg              univers
unr7j           cg              univers
unr8u           cg              univers
unr9t           cg              univers
@c emacs-page
skak10		public		skak  
skak15		public		skak  
skak20		public		skak  
skak30		public		skak  
skakf10		public		skak 
skakf10b	public		skak
