@c @mapfile{
@c   license = "public domain",
@c   email = "tex-fonts@tug.org",
@c   date = "4nov08",
@c   url = "http://tug.org/fontname/supplier.map",
@c   supported = "yes",
@c   docstring = "Typeface supplier (foundry) abbreviations and
@c                directory names for TeX fonts."
@c }
@c
0 fontfont      @r{FontFont}
2 elsnerflake   @r{Elsner & Flake}
5 softmake      @r{Softmaker}
9 unknown
a autologi      @r{Autologic}
b bitstrea      @r{Bitstream}
c cg            @r{Compugraphic}
d dtc           @r{Digital Typeface Corporation}
e apple         @r{Apple}
f public        @r{small foundries}
g gnu           @r{Free Software Foundation}
h bh            @r{Bigelow & Holmes}
i itc           @r{International Typeface Corporation}
j microsft      @r{Microsoft}
k softkey       @r{SoftKey}
l linotype      @r{Linotype}
m monotype      @r{Monotype}
n ibm           @r{IBM}
o corel         @r{Corel}
p adobe         @r{Adobe (@samp{p} for PostScript)}
q texgyre       @r{@TeX{} Gyre fonts from GUST Typefoundry}
r -             @r{raw (for [obsolete] use with virtual fonts)}
s sun           @r{Storm Type}
t paragrap      @r{ParaGraph}
u urw           @r{URW}
v sil           @r{SIL}
w wolfram       @r{Wolfram}
y arkandis      @r{Arkandis Digital Foundry}
z -             @r{bizarre (fontname is nonstandard)}
- autofont	@r{Eddie Kohler's @t{autofont} program}
- jknappen      @r{Joerg Knappen}
- mnm           @r{Hong Feng, free software in China}
- yandy         @r{Y&Y}
