@c @mapfile{
@c   license = "public domain",
@c   email = "tex-fonts@tug.org",
@c   version = "2.3",
@c   date = "18 March 1999",
@c   url = "http://tug.org/fontname/yandy.map",
@c   supported = "yes",
@c   docstring = "Y&Y fonts."
@c }
@c
@c From Ulrik.
hlcbot8a  LucidaTypewriterBoldOblique                   lbtbo
hlcbt8a   LucidaTypewriterBold                          lbtb
hlcda     LucidaNewMath-Arrows-Demi                     lbmad
hlcdim    LucidaNewMath-DemiItalic                      lbmdi
hlcdima   LucidaNewMath-AltDemiItalic                   lbmdo
hlcdm     LucidaNewMath-Demibold                        lbmd
hlcdy     LucidaNewMath-Symbol-Demi                     lbmsd
hlcra     LucidaNewMath-Arrows                          lbma
hlcrf8a   LucidaBlackletter                             lbl
hlcrie8a  LucidaCalligraphy-Italic                      lbc
hlcrim    LucidaNewMath-Italic                          lbmi
hlcrima   LucidaNewMath-AltItalic                       lbmo
hlcrin8a  LucidaCasual-Italic                           lbki
hlcriw8a  LucidaHandwriting-Italic                      lbh
hlcrm     LucidaNewMath-Roman                           lbmr
hlcrn8a   LucidaCasual                                  lbkr
hlcrot8a  LucidaTypewriterOblique                       lbto
hlcrt8a   LucidaTypewriter                              lbtr
hlcrv     LucidaNewMath-Extension                       lbme
hlcry     LucidaNewMath-Symbol                          lbms
hlhb8a    LucidaBright-Demi                             lbd
hlhbc8a   LucidaBrightSmallcaps-Demi                    lbdsc
hlhbi8a   LucidaBright-DemiItalic                       lbdi
hlhr8a    LucidaBright                                  lbr
hlhrc8a   LucidaBrightSmallcaps                         lbrsc
hlhri8a   LucidaBright-Italic                           lbi
hlhro8a   LucidaBright-Oblique                          lbsl
hlsb8a    LucidaSans-Demi                               lsd
hlsbi8a   LucidaSans-DemiItalic                         lsdi
hlsbot8a  LucidaSans-TypewriterBoldOblique              lstbo
hlsbt8a   LucidaSans-TypewriterBold                     lstb
hlsr8a    LucidaSans                                    lsr
hlsri8a   LucidaSans-Italic                             lsi
hlsrot8a  LucidaSans-TypewriterOblique                  lsto
hlsrt8a   LucidaSans-Typewriter                         lstr
hlsu8a    LucidaSans-Bold                               lsb
hlsui8a   LucidaSans-BoldItalic                         lsbi
hlxb8a    LucidaFax-Demi                                lfd
hlxbi8a   LucidaFax-DemiItalic                          lfdi
hlxr8a    LucidaFax                                     lfr
hlxri8a   LucidaFax-Italic                              lfi
