;;
;; This is file `parsidigits.map',
;; generated with the docstrip utility.
;;
;; The original source files were:
;;
;; xepersian.dtx  (with options: `parsidigits.map')
;; 
;;   ______________________________________
;;   Copyright © 2008–2012  Vafa Khalighi
;; 
;;   License information appended.
;; 
;; 
LHSName "Digits"
RHSName "ParsiDigits"

pass(Unicode)
U+0030 <> U+06F0 ;
U+0031 <> U+06F1 ;
U+0032 <> U+06F2 ;
U+0033 <> U+06F3 ;
U+0034 <> U+06F4 ;
U+0035 <> U+06F5 ;
U+0036 <> U+06F6 ;
U+0037 <> U+06F7 ;
U+0038 <> U+06F8 ;
U+0039 <> U+06F9 ;

U+0644 U+0651 U+064E U+0627 <> U+0644 U+0627 U+0651 U+064E ; lam shadda fatha alif -> lam alif shadda fatha
U+0644 U+0651 U+0627 <> U+0644 U+0627 U+0651  ; lam shadda alif -> lam alif shadda
U+0644 U+0652 U+0622 <> U+0644 U+0622 U+0652  ; lam sukun alifmadda -> lam alifmadda sukun
U+0644 U+0652 U+0623 <> U+0644 U+0623 U+0652  ; lam sukun alifhamzaabove -> lam alifhamzaabove sukun
U+0644 U+0652 U+0625 <> U+0644 U+0625 U+0652  ; lam sukun alifhamzabelow -> lam alifhamzabelow sukun
U+0644 U+0651 U+064B U+0627 <> U+0644 U+0627 U+0651 U+064b ; lam shadda fathatan alif -> lam alif shadda fathatan
U+0644 U+064B U+0627 <> U+0644 U+0627 U+064B ; lam fathatan alif -> lam alif fathatan

U+002C <> U+060C ; comma ­> arabic comma
U+003F <> U+061F ; question mark -> arabic qm
U+003B <> U+061B ; semicolon -> arabic semicolon

; ligatures from Knuth's original CMR fonts
U+002D U+002D <> U+2013 ; -- -> en dash
U+002D U+002D U+002D <> U+2014 ; --- -> em dash

U+0027 <> U+2019 ; ' -> right single quote
U+0027 U+0027 <> U+201D ; '' -> right double quote
U+0022  > U+201D ; " -> right double quote

U+0060 <> U+2018 ; ` -> left single quote
U+0060 U+0060 <> U+201C ; `` -> left double quote

U+0021 U+0060 <> U+00A1 ; !` -> inverted exclam
U+003F U+0060 <> U+00BF ; ?` -> inverted question

; additions supported in T1 encoding
U+002C U+002C <> U+201E ; ,, -> DOUBLE LOW-9 QUOTATION MARK
U+003C U+003C <> U+00AB ; << -> LEFT POINTING GUILLEMET
U+003E U+003E <> U+00BB ; >> -> RIGHT POINTING GUILLEMET
;; 
;; Copyright © 2008–2012  Vafa Khalighi <vkhalighi@me.com>
;; 
;; It may be distributed and/or modified under the LaTeX Project Public License,
;; version 1.3c or higher (your choice). The latest version of
;; this license is at: http://www.latex-project.org/lppl.txt
;; 
;; This work is “author-maintained” (as per LPPL maintenance status)
;; by Vafa Khalighi.
;; 
;; 
;; 
;;
;; End of file `parsidigits.map'.
