ntxexmods NTXEXMODS <ntxexmods.pfb
ntxbexmods NTXBEXMODS <ntxbexmods.pfb
ntxexb NTXEXB <ntxexb.pfb
ntxbexb NTXBEXB <ntxbexb.pfb
rtxmio rtxmi " -.167 SlantFont " <rtxmi.pfb
rtxbmio rtxbmi " -.167 SlantFont " <rtxbmi.pfb
rfxlri-alt LinLibertineI " LibertineAltEncoding ReEncodeFont " <[libertinealt.enc <fxlri.pfb
rfxlzi-alt LinLibertineZI " LibertineAltEncoding ReEncodeFont " <[libertinealt.enc <fxlzi.pfb
fxlri-7alt LinLibertineI7 " LibertineAltEncoding ReEncodeFont " <[libertinealt.enc <fxlri-7letters.pfb
fxlzi-7alt LinLibertineZI7 " LibertineAltEncoding ReEncodeFont " <[libertinealt.enc <fxlzi-7letters.pfb
fxlri-5alt LinLibertineI5 " LibertineAltEncoding ReEncodeFont " <[libertinealt.enc <fxlri-5letters.pfb
fxlzi-5alt LinLibertineZI5 " LibertineAltEncoding ReEncodeFont " <[libertinealt.enc <fxlzi-5letters.pfb
rfxlr-alt LinLibertine " LibertineAltEncoding ReEncodeFont " <[libertinealt.enc <fxlr.pfb
rfxlz-alt LinLibertineZ " LibertineAltEncoding ReEncodeFont " <[libertinealt.enc <fxlz.pfb
fxlri-7letters LinLibertineI7  <fxlri-7letters.pfb
fxlri-5letters LinLibertineI5  <fxlri-5letters.pfb
fxlzi-5letters LinLibertineZI5  <fxlzi-5letters.pfb
fxlzi-7letters LinLibertineZI7  <fxlzi-7letters.pfb
fxlzi-jv fxlzi-Jv <fxlzi-jv.pfb
fxlzi-jv7 fxlzi-Jv7 <fxlzi-jv7.pfb
fxlzi-jv5 fxlzi-Jv5 <fxlzi-jv5.pfb
txsy7 txsy7 <txsy7.pfb
txbsy7 txbsy7 <txbsy7.pfb
txsy5 txsy5 <txsy5.pfb
txbsy5 txbsy5 <txbsy5.pfb
txsya7 txsya7 <txsya7.pfb
txbsya7 txbsya7 <txbsya7.pfb
txsyb5 txsyb5 <txsyb5.pfb
txbsyb5 txbsyb5 <txbsyb5.pfb
rtxmi7 rtxmi7 <rtxmi7.pfb
rtxbmi7 rtxbmi7 <rtxbmi7.pfb
rtxmi5 rtxmi5 <rtxmi5.pfb
rtxbmi5 rtxbmi5 <rtxbmi5.pfb
txmia7 txmia7 <txmia7.pfb
txbmia7 txbmia7 <txbmia7.pfb
txmia5 txmia5 <txmia5.pfb
txbmia5 txbmia5 <txbmia5.pfb
rntxmi rntxmi <rntxmi.pfb
rntxmi5 rntxmi5 <rntxmi5.pfb
rntxmi7 rntxmi7 <rntxmi7.pfb
rntxbmi rntxbmi <rntxbmi.pfb
rntxbmi5 rntxbmi5 <rntxbmi5.pfb
rntxbmi7 rntxbmi7 <rntxbmi7.pfb
