fxbb-8r LinBiolinumB " TeXBase1Encoding ReEncodeFont " <[8r.enc <fxbb.pfb
fxbbo-8r LinBiolinumSlantedB " TeXBase1Encoding ReEncodeFont " <[8r.enc <fxbbo.pfb
fxbbo-xb-00 LinBiolinumSlantedB " xb00Encoding ReEncodeFont " <xb-00.enc <fxbbo.pfb
fxbbo-xb-01 LinBiolinumSlantedB " xb01Encoding ReEncodeFont " <xb-01.enc <fxbbo.pfb
fxbbo-xb-02 LinBiolinumSlantedB " xb02Encoding ReEncodeFont " <xb-02.enc <fxbbo.pfb
fxbbo-xb-03 LinBiolinumSlantedB " xb03Encoding ReEncodeFont " <xb-03.enc <fxbbo.pfb
fxbbo-xb-04 LinBiolinumSlantedB " xb04Encoding ReEncodeFont " <xb-04.enc <fxbbo.pfb
fxbbo-xb-05 LinBiolinumSlantedB " xb05Encoding ReEncodeFont " <xb-05.enc <fxbbo.pfb
fxbbo-xb-1d LinBiolinumSlantedB " xb1dEncoding ReEncodeFont " <xb-1d.enc <fxbbo.pfb
fxbbo-xb-1e LinBiolinumSlantedB " xb1eEncoding ReEncodeFont " <xb-1e.enc <fxbbo.pfb
fxbbo-xb-1f LinBiolinumSlantedB " xb1fEncoding ReEncodeFont " <xb-1f.enc <fxbbo.pfb
fxbbo-xb-20 LinBiolinumSlantedB " xb20Encoding ReEncodeFont " <xb-20.enc <fxbbo.pfb
fxbbo-xb-21 LinBiolinumSlantedB " xb21Encoding ReEncodeFont " <xb-21.enc <fxbbo.pfb
fxbbo-xb-22 LinBiolinumSlantedB " xb22Encoding ReEncodeFont " <xb-22.enc <fxbbo.pfb
fxbbo-xb-23 LinBiolinumSlantedB " xb23Encoding ReEncodeFont " <xb-23.enc <fxbbo.pfb
fxbbo-xb-24 LinBiolinumSlantedB " xb24Encoding ReEncodeFont " <xb-24.enc <fxbbo.pfb
fxbbo-xb-25 LinBiolinumSlantedB " xb25Encoding ReEncodeFont " <xb-25.enc <fxbbo.pfb
fxbbo-xb-26 LinBiolinumSlantedB " xb26Encoding ReEncodeFont " <xb-26.enc <fxbbo.pfb
fxbbo-xb-27 LinBiolinumSlantedB " xb27Encoding ReEncodeFont " <xb-27.enc <fxbbo.pfb
fxbbo-xb-2c LinBiolinumSlantedB " xb2cEncoding ReEncodeFont " <xb-2c.enc <fxbbo.pfb
fxbbo-xb-2e LinBiolinumSlantedB " xb2eEncoding ReEncodeFont " <xb-2e.enc <fxbbo.pfb
fxbbo-xb-8x LinBiolinumSlantedB " xbExpertEncoding ReEncodeFont " <xb-8x.enc <fxbbo.pfb
fxbbo-xb-a7 LinBiolinumSlantedB " xba7Encoding ReEncodeFont " <xb-a7.enc <fxbbo.pfb
fxbbo-xb-e0 LinBiolinumSlantedB " xbe0Encoding ReEncodeFont " <xb-e0.enc <fxbbo.pfb
fxbbo-xb-e1 LinBiolinumSlantedB " xbe1Encoding ReEncodeFont " <xb-e1.enc <fxbbo.pfb
fxbbo-xb-e3 LinBiolinumSlantedB " xbe3Encoding ReEncodeFont " <xb-e3.enc <fxbbo.pfb
fxbbo-xb-e4 LinBiolinumSlantedB " xbe4Encoding ReEncodeFont " <xb-e4.enc <fxbbo.pfb
fxbbo-xb-f6 LinBiolinumSlantedB " xbf6Encoding ReEncodeFont " <xb-f6.enc <fxbbo.pfb
fxbbo-xb-fb LinBiolinumSlantedB " xbfbEncoding ReEncodeFont " <xb-fb.enc <fxbbo.pfb
fxbbo-xb-ff LinBiolinumSlantedB " xbffEncoding ReEncodeFont " <xb-ff.enc <fxbbo.pfb
fxbbo-xb-t1 LinBiolinumSlantedB " xbT1Encoding ReEncodeFont " <xb-t1.enc <fxbbo.pfb
fxbb-xb-00 LinBiolinumB " xb00Encoding ReEncodeFont " <xb-00.enc <fxbb.pfb
fxbb-xb-01 LinBiolinumB " xb01Encoding ReEncodeFont " <xb-01.enc <fxbb.pfb
fxbb-xb-02 LinBiolinumB " xb02Encoding ReEncodeFont " <xb-02.enc <fxbb.pfb
fxbb-xb-03 LinBiolinumB " xb03Encoding ReEncodeFont " <xb-03.enc <fxbb.pfb
fxbb-xb-04 LinBiolinumB " xb04Encoding ReEncodeFont " <xb-04.enc <fxbb.pfb
fxbb-xb-05 LinBiolinumB " xb05Encoding ReEncodeFont " <xb-05.enc <fxbb.pfb
fxbb-xb-1d LinBiolinumB " xb1dEncoding ReEncodeFont " <xb-1d.enc <fxbb.pfb
fxbb-xb-1e LinBiolinumB " xb1eEncoding ReEncodeFont " <xb-1e.enc <fxbb.pfb
fxbb-xb-1f LinBiolinumB " xb1fEncoding ReEncodeFont " <xb-1f.enc <fxbb.pfb
fxbb-xb-20 LinBiolinumB " xb20Encoding ReEncodeFont " <xb-20.enc <fxbb.pfb
fxbb-xb-21 LinBiolinumB " xb21Encoding ReEncodeFont " <xb-21.enc <fxbb.pfb
fxbb-xb-22 LinBiolinumB " xb22Encoding ReEncodeFont " <xb-22.enc <fxbb.pfb
fxbb-xb-23 LinBiolinumB " xb23Encoding ReEncodeFont " <xb-23.enc <fxbb.pfb
fxbb-xb-24 LinBiolinumB " xb24Encoding ReEncodeFont " <xb-24.enc <fxbb.pfb
fxbb-xb-25 LinBiolinumB " xb25Encoding ReEncodeFont " <xb-25.enc <fxbb.pfb
fxbb-xb-26 LinBiolinumB " xb26Encoding ReEncodeFont " <xb-26.enc <fxbb.pfb
fxbb-xb-27 LinBiolinumB " xb27Encoding ReEncodeFont " <xb-27.enc <fxbb.pfb
fxbb-xb-2c LinBiolinumB " xb2cEncoding ReEncodeFont " <xb-2c.enc <fxbb.pfb
fxbb-xb-2e LinBiolinumB " xb2eEncoding ReEncodeFont " <xb-2e.enc <fxbb.pfb
fxbb-xb-8x LinBiolinumB " xbExpertEncoding ReEncodeFont " <xb-8x.enc <fxbb.pfb
fxbb-xb-a7 LinBiolinumB " xba7Encoding ReEncodeFont " <xb-a7.enc <fxbb.pfb
fxbb-xb-e0 LinBiolinumB " xbe0Encoding ReEncodeFont " <xb-e0.enc <fxbb.pfb
fxbb-xb-e1 LinBiolinumB " xbe1Encoding ReEncodeFont " <xb-e1.enc <fxbb.pfb
fxbb-xb-e3 LinBiolinumB " xbe3Encoding ReEncodeFont " <xb-e3.enc <fxbb.pfb
fxbb-xb-e4 LinBiolinumB " xbe4Encoding ReEncodeFont " <xb-e4.enc <fxbb.pfb
fxbb-xb-f6 LinBiolinumB " xbf6Encoding ReEncodeFont " <xb-f6.enc <fxbb.pfb
fxbb-xb-fb LinBiolinumB " xbfbEncoding ReEncodeFont " <xb-fb.enc <fxbb.pfb
fxbb-xb-ff LinBiolinumB " xbffEncoding ReEncodeFont " <xb-ff.enc <fxbb.pfb
fxbb-xb-t1 LinBiolinumB " xbT1Encoding ReEncodeFont " <xb-t1.enc <fxbb.pfb
fxbk-xk-00 LinBiolinumK " xk00Encoding ReEncodeFont " <xk-00.enc <fxbk.pfb
fxbk-xk-01 LinBiolinumK " xk01Encoding ReEncodeFont " <xk-01.enc <fxbk.pfb
fxbk-xk-02 LinBiolinumK " xk02Encoding ReEncodeFont " <xk-02.enc <fxbk.pfb
fxbk-xk-03 LinBiolinumK " xk03Encoding ReEncodeFont " <xk-03.enc <fxbk.pfb
fxbk-xk-05 LinBiolinumK " xk05Encoding ReEncodeFont " <xk-05.enc <fxbk.pfb
fxbk-xk-21 LinBiolinumK " xk21Encoding ReEncodeFont " <xk-21.enc <fxbk.pfb
fxbk-xk-23 LinBiolinumK " xk23Encoding ReEncodeFont " <xk-23.enc <fxbk.pfb
fxbk-xk-24 LinBiolinumK " xk24Encoding ReEncodeFont " <xk-24.enc <fxbk.pfb
fxbk-xk-25 LinBiolinumK " xk25Encoding ReEncodeFont " <xk-25.enc <fxbk.pfb
fxbk-xk-26 LinBiolinumK " xk26Encoding ReEncodeFont " <xk-26.enc <fxbk.pfb
fxbk-xk-27 LinBiolinumK " xk27Encoding ReEncodeFont " <xk-27.enc <fxbk.pfb
fxbk-xk-e0 LinBiolinumK " xke0Encoding ReEncodeFont " <xk-e0.enc <fxbk.pfb
fxbk-xk-e1 LinBiolinumK " xke1Encoding ReEncodeFont " <xk-e1.enc <fxbk.pfb
fxbk-xk-e3 LinBiolinumK " xke3Encoding ReEncodeFont " <xk-e3.enc <fxbk.pfb
fxbk-xk-ff LinBiolinumK " xkffEncoding ReEncodeFont " <xk-ff.enc <fxbk.pfb
fxbo-8r LinBiolinumU " TeXBase1Encoding ReEncodeFont " <[8r.enc <fxbo.pfb
fxbob-8r LinBiolinumOutlineB " TeXBase1Encoding ReEncodeFont " <[8r.enc <fxbob.pfb
fxbob-xb-00 LinBiolinumOutlineB " xb00Encoding ReEncodeFont " <xb-00.enc <fxbob.pfb
fxbob-xb-01 LinBiolinumOutlineB " xb01Encoding ReEncodeFont " <xb-01.enc <fxbob.pfb
fxbob-xb-02 LinBiolinumOutlineB " xb02Encoding ReEncodeFont " <xb-02.enc <fxbob.pfb
fxbob-xb-03 LinBiolinumOutlineB " xb03Encoding ReEncodeFont " <xb-03.enc <fxbob.pfb
fxbob-xb-04 LinBiolinumOutlineB " xb04Encoding ReEncodeFont " <xb-04.enc <fxbob.pfb
fxbob-xb-05 LinBiolinumOutlineB " xb05Encoding ReEncodeFont " <xb-05.enc <fxbob.pfb
fxbob-xb-1d LinBiolinumOutlineB " xb1dEncoding ReEncodeFont " <xb-1d.enc <fxbob.pfb
fxbob-xb-1e LinBiolinumOutlineB " xb1eEncoding ReEncodeFont " <xb-1e.enc <fxbob.pfb
fxbob-xb-1f LinBiolinumOutlineB " xb1fEncoding ReEncodeFont " <xb-1f.enc <fxbob.pfb
fxbob-xb-20 LinBiolinumOutlineB " xb20Encoding ReEncodeFont " <xb-20.enc <fxbob.pfb
fxbob-xb-21 LinBiolinumOutlineB " xb21Encoding ReEncodeFont " <xb-21.enc <fxbob.pfb
fxbob-xb-22 LinBiolinumOutlineB " xb22Encoding ReEncodeFont " <xb-22.enc <fxbob.pfb
fxbob-xb-23 LinBiolinumOutlineB " xb23Encoding ReEncodeFont " <xb-23.enc <fxbob.pfb
fxbob-xb-24 LinBiolinumOutlineB " xb24Encoding ReEncodeFont " <xb-24.enc <fxbob.pfb
fxbob-xb-25 LinBiolinumOutlineB " xb25Encoding ReEncodeFont " <xb-25.enc <fxbob.pfb
fxbob-xb-26 LinBiolinumOutlineB " xb26Encoding ReEncodeFont " <xb-26.enc <fxbob.pfb
fxbob-xb-27 LinBiolinumOutlineB " xb27Encoding ReEncodeFont " <xb-27.enc <fxbob.pfb
fxbob-xb-2c LinBiolinumOutlineB " xb2cEncoding ReEncodeFont " <xb-2c.enc <fxbob.pfb
fxbob-xb-2e LinBiolinumOutlineB " xb2eEncoding ReEncodeFont " <xb-2e.enc <fxbob.pfb
fxbob-xb-8x LinBiolinumOutlineB " xbExpertEncoding ReEncodeFont " <xb-8x.enc <fxbob.pfb
fxbob-xb-a7 LinBiolinumOutlineB " xba7Encoding ReEncodeFont " <xb-a7.enc <fxbob.pfb
fxbob-xb-e0 LinBiolinumOutlineB " xbe0Encoding ReEncodeFont " <xb-e0.enc <fxbob.pfb
fxbob-xb-e1 LinBiolinumOutlineB " xbe1Encoding ReEncodeFont " <xb-e1.enc <fxbob.pfb
fxbob-xb-e3 LinBiolinumOutlineB " xbe3Encoding ReEncodeFont " <xb-e3.enc <fxbob.pfb
fxbob-xb-e4 LinBiolinumOutlineB " xbe4Encoding ReEncodeFont " <xb-e4.enc <fxbob.pfb
fxbob-xb-f6 LinBiolinumOutlineB " xbf6Encoding ReEncodeFont " <xb-f6.enc <fxbob.pfb
fxbob-xb-fb LinBiolinumOutlineB " xbfbEncoding ReEncodeFont " <xb-fb.enc <fxbob.pfb
fxbob-xb-ff LinBiolinumOutlineB " xbffEncoding ReEncodeFont " <xb-ff.enc <fxbob.pfb
fxbob-xb-t1 LinBiolinumOutlineB " xbT1Encoding ReEncodeFont " <xb-t1.enc <fxbob.pfb
fxboi-8r LinBiolinumUI " TeXBase1Encoding ReEncodeFont " <[8r.enc <fxboi.pfb
fxboi-xb-00 LinBiolinumUI " xb00Encoding ReEncodeFont " <xb-00.enc <fxboi.pfb
fxboi-xb-01 LinBiolinumUI " xb01Encoding ReEncodeFont " <xb-01.enc <fxboi.pfb
fxboi-xb-02 LinBiolinumUI " xb02Encoding ReEncodeFont " <xb-02.enc <fxboi.pfb
fxboi-xb-03 LinBiolinumUI " xb03Encoding ReEncodeFont " <xb-03.enc <fxboi.pfb
fxboi-xb-04 LinBiolinumUI " xb04Encoding ReEncodeFont " <xb-04.enc <fxboi.pfb
fxboi-xb-05 LinBiolinumUI " xb05Encoding ReEncodeFont " <xb-05.enc <fxboi.pfb
fxboi-xb-1d LinBiolinumUI " xb1dEncoding ReEncodeFont " <xb-1d.enc <fxboi.pfb
fxboi-xb-1e LinBiolinumUI " xb1eEncoding ReEncodeFont " <xb-1e.enc <fxboi.pfb
fxboi-xb-1f LinBiolinumUI " xb1fEncoding ReEncodeFont " <xb-1f.enc <fxboi.pfb
fxboi-xb-20 LinBiolinumUI " xb20Encoding ReEncodeFont " <xb-20.enc <fxboi.pfb
fxboi-xb-21 LinBiolinumUI " xb21Encoding ReEncodeFont " <xb-21.enc <fxboi.pfb
fxboi-xb-22 LinBiolinumUI " xb22Encoding ReEncodeFont " <xb-22.enc <fxboi.pfb
fxboi-xb-23 LinBiolinumUI " xb23Encoding ReEncodeFont " <xb-23.enc <fxboi.pfb
fxboi-xb-24 LinBiolinumUI " xb24Encoding ReEncodeFont " <xb-24.enc <fxboi.pfb
fxboi-xb-25 LinBiolinumUI " xb25Encoding ReEncodeFont " <xb-25.enc <fxboi.pfb
fxboi-xb-26 LinBiolinumUI " xb26Encoding ReEncodeFont " <xb-26.enc <fxboi.pfb
fxboi-xb-27 LinBiolinumUI " xb27Encoding ReEncodeFont " <xb-27.enc <fxboi.pfb
fxboi-xb-2c LinBiolinumUI " xb2cEncoding ReEncodeFont " <xb-2c.enc <fxboi.pfb
fxboi-xb-2e LinBiolinumUI " xb2eEncoding ReEncodeFont " <xb-2e.enc <fxboi.pfb
fxboi-xb-8x LinBiolinumUI " xbExpertEncoding ReEncodeFont " <xb-8x.enc <fxboi.pfb
fxboi-xb-a7 LinBiolinumUI " xba7Encoding ReEncodeFont " <xb-a7.enc <fxboi.pfb
fxboi-xb-e0 LinBiolinumUI " xbe0Encoding ReEncodeFont " <xb-e0.enc <fxboi.pfb
fxboi-xb-e1 LinBiolinumUI " xbe1Encoding ReEncodeFont " <xb-e1.enc <fxboi.pfb
fxboi-xb-e3 LinBiolinumUI " xbe3Encoding ReEncodeFont " <xb-e3.enc <fxboi.pfb
fxboi-xb-e4 LinBiolinumUI " xbe4Encoding ReEncodeFont " <xb-e4.enc <fxboi.pfb
fxboi-xb-f6 LinBiolinumUI " xbf6Encoding ReEncodeFont " <xb-f6.enc <fxboi.pfb
fxboi-xb-fb LinBiolinumUI " xbfbEncoding ReEncodeFont " <xb-fb.enc <fxboi.pfb
fxboi-xb-ff LinBiolinumUI " xbffEncoding ReEncodeFont " <xb-ff.enc <fxboi.pfb
fxboi-xb-t1 LinBiolinumUI " xbT1Encoding ReEncodeFont " <xb-t1.enc <fxboi.pfb
fxbo-xb-00 LinBiolinumU " xb00Encoding ReEncodeFont " <xb-00.enc <fxbo.pfb
fxbo-xb-01 LinBiolinumU " xb01Encoding ReEncodeFont " <xb-01.enc <fxbo.pfb
fxbo-xb-02 LinBiolinumU " xb02Encoding ReEncodeFont " <xb-02.enc <fxbo.pfb
fxbo-xb-03 LinBiolinumU " xb03Encoding ReEncodeFont " <xb-03.enc <fxbo.pfb
fxbo-xb-04 LinBiolinumU " xb04Encoding ReEncodeFont " <xb-04.enc <fxbo.pfb
fxbo-xb-05 LinBiolinumU " xb05Encoding ReEncodeFont " <xb-05.enc <fxbo.pfb
fxbo-xb-1d LinBiolinumU " xb1dEncoding ReEncodeFont " <xb-1d.enc <fxbo.pfb
fxbo-xb-1e LinBiolinumU " xb1eEncoding ReEncodeFont " <xb-1e.enc <fxbo.pfb
fxbo-xb-1f LinBiolinumU " xb1fEncoding ReEncodeFont " <xb-1f.enc <fxbo.pfb
fxbo-xb-20 LinBiolinumU " xb20Encoding ReEncodeFont " <xb-20.enc <fxbo.pfb
fxbo-xb-21 LinBiolinumU " xb21Encoding ReEncodeFont " <xb-21.enc <fxbo.pfb
fxbo-xb-22 LinBiolinumU " xb22Encoding ReEncodeFont " <xb-22.enc <fxbo.pfb
fxbo-xb-23 LinBiolinumU " xb23Encoding ReEncodeFont " <xb-23.enc <fxbo.pfb
fxbo-xb-24 LinBiolinumU " xb24Encoding ReEncodeFont " <xb-24.enc <fxbo.pfb
fxbo-xb-25 LinBiolinumU " xb25Encoding ReEncodeFont " <xb-25.enc <fxbo.pfb
fxbo-xb-26 LinBiolinumU " xb26Encoding ReEncodeFont " <xb-26.enc <fxbo.pfb
fxbo-xb-27 LinBiolinumU " xb27Encoding ReEncodeFont " <xb-27.enc <fxbo.pfb
fxbo-xb-2c LinBiolinumU " xb2cEncoding ReEncodeFont " <xb-2c.enc <fxbo.pfb
fxbo-xb-2e LinBiolinumU " xb2eEncoding ReEncodeFont " <xb-2e.enc <fxbo.pfb
fxbo-xb-8x LinBiolinumU " xbExpertEncoding ReEncodeFont " <xb-8x.enc <fxbo.pfb
fxbo-xb-a7 LinBiolinumU " xba7Encoding ReEncodeFont " <xb-a7.enc <fxbo.pfb
fxbo-xb-e0 LinBiolinumU " xbe0Encoding ReEncodeFont " <xb-e0.enc <fxbo.pfb
fxbo-xb-e1 LinBiolinumU " xbe1Encoding ReEncodeFont " <xb-e1.enc <fxbo.pfb
fxbo-xb-e3 LinBiolinumU " xbe3Encoding ReEncodeFont " <xb-e3.enc <fxbo.pfb
fxbo-xb-e4 LinBiolinumU " xbe4Encoding ReEncodeFont " <xb-e4.enc <fxbo.pfb
fxbo-xb-f6 LinBiolinumU " xbf6Encoding ReEncodeFont " <xb-f6.enc <fxbo.pfb
fxbo-xb-fb LinBiolinumU " xbfbEncoding ReEncodeFont " <xb-fb.enc <fxbo.pfb
fxbo-xb-ff LinBiolinumU " xbffEncoding ReEncodeFont " <xb-ff.enc <fxbo.pfb
fxbo-xb-t1 LinBiolinumU " xbT1Encoding ReEncodeFont " <xb-t1.enc <fxbo.pfb
fxbr-8r LinBiolinum " TeXBase1Encoding ReEncodeFont " <[8r.enc <fxbr.pfb
fxbri-8r LinBiolinumI " TeXBase1Encoding ReEncodeFont " <[8r.enc <fxbri.pfb
fxbri-xb-00 LinBiolinumI " xb00Encoding ReEncodeFont " <xb-00.enc <fxbri.pfb
fxbri-xb-01 LinBiolinumI " xb01Encoding ReEncodeFont " <xb-01.enc <fxbri.pfb
fxbri-xb-02 LinBiolinumI " xb02Encoding ReEncodeFont " <xb-02.enc <fxbri.pfb
fxbri-xb-03 LinBiolinumI " xb03Encoding ReEncodeFont " <xb-03.enc <fxbri.pfb
fxbri-xb-04 LinBiolinumI " xb04Encoding ReEncodeFont " <xb-04.enc <fxbri.pfb
fxbri-xb-05 LinBiolinumI " xb05Encoding ReEncodeFont " <xb-05.enc <fxbri.pfb
fxbri-xb-1d LinBiolinumI " xb1dEncoding ReEncodeFont " <xb-1d.enc <fxbri.pfb
fxbri-xb-1e LinBiolinumI " xb1eEncoding ReEncodeFont " <xb-1e.enc <fxbri.pfb
fxbri-xb-1f LinBiolinumI " xb1fEncoding ReEncodeFont " <xb-1f.enc <fxbri.pfb
fxbri-xb-20 LinBiolinumI " xb20Encoding ReEncodeFont " <xb-20.enc <fxbri.pfb
fxbri-xb-21 LinBiolinumI " xb21Encoding ReEncodeFont " <xb-21.enc <fxbri.pfb
fxbri-xb-22 LinBiolinumI " xb22Encoding ReEncodeFont " <xb-22.enc <fxbri.pfb
fxbri-xb-23 LinBiolinumI " xb23Encoding ReEncodeFont " <xb-23.enc <fxbri.pfb
fxbri-xb-24 LinBiolinumI " xb24Encoding ReEncodeFont " <xb-24.enc <fxbri.pfb
fxbri-xb-25 LinBiolinumI " xb25Encoding ReEncodeFont " <xb-25.enc <fxbri.pfb
fxbri-xb-26 LinBiolinumI " xb26Encoding ReEncodeFont " <xb-26.enc <fxbri.pfb
fxbri-xb-27 LinBiolinumI " xb27Encoding ReEncodeFont " <xb-27.enc <fxbri.pfb
fxbri-xb-2c LinBiolinumI " xb2cEncoding ReEncodeFont " <xb-2c.enc <fxbri.pfb
fxbri-xb-2e LinBiolinumI " xb2eEncoding ReEncodeFont " <xb-2e.enc <fxbri.pfb
fxbri-xb-8x LinBiolinumI " xbExpertEncoding ReEncodeFont " <xb-8x.enc <fxbri.pfb
fxbri-xb-a7 LinBiolinumI " xba7Encoding ReEncodeFont " <xb-a7.enc <fxbri.pfb
fxbri-xb-e0 LinBiolinumI " xbe0Encoding ReEncodeFont " <xb-e0.enc <fxbri.pfb
fxbri-xb-e1 LinBiolinumI " xbe1Encoding ReEncodeFont " <xb-e1.enc <fxbri.pfb
fxbri-xb-e3 LinBiolinumI " xbe3Encoding ReEncodeFont " <xb-e3.enc <fxbri.pfb
fxbri-xb-e4 LinBiolinumI " xbe4Encoding ReEncodeFont " <xb-e4.enc <fxbri.pfb
fxbri-xb-f6 LinBiolinumI " xbf6Encoding ReEncodeFont " <xb-f6.enc <fxbri.pfb
fxbri-xb-fb LinBiolinumI " xbfbEncoding ReEncodeFont " <xb-fb.enc <fxbri.pfb
fxbri-xb-ff LinBiolinumI " xbffEncoding ReEncodeFont " <xb-ff.enc <fxbri.pfb
fxbri-xb-t1 LinBiolinumI " xbT1Encoding ReEncodeFont " <xb-t1.enc <fxbri.pfb
fxbro-8r LinBiolinumSlanted " TeXBase1Encoding ReEncodeFont " <[8r.enc <fxbro.pfb
fxbro-xb-00 LinBiolinumSlanted " xb00Encoding ReEncodeFont " <xb-00.enc <fxbro.pfb
fxbro-xb-01 LinBiolinumSlanted " xb01Encoding ReEncodeFont " <xb-01.enc <fxbro.pfb
fxbro-xb-02 LinBiolinumSlanted " xb02Encoding ReEncodeFont " <xb-02.enc <fxbro.pfb
fxbro-xb-03 LinBiolinumSlanted " xb03Encoding ReEncodeFont " <xb-03.enc <fxbro.pfb
fxbro-xb-04 LinBiolinumSlanted " xb04Encoding ReEncodeFont " <xb-04.enc <fxbro.pfb
fxbro-xb-05 LinBiolinumSlanted " xb05Encoding ReEncodeFont " <xb-05.enc <fxbro.pfb
fxbro-xb-1d LinBiolinumSlanted " xb1dEncoding ReEncodeFont " <xb-1d.enc <fxbro.pfb
fxbro-xb-1e LinBiolinumSlanted " xb1eEncoding ReEncodeFont " <xb-1e.enc <fxbro.pfb
fxbro-xb-1f LinBiolinumSlanted " xb1fEncoding ReEncodeFont " <xb-1f.enc <fxbro.pfb
fxbro-xb-20 LinBiolinumSlanted " xb20Encoding ReEncodeFont " <xb-20.enc <fxbro.pfb
fxbro-xb-21 LinBiolinumSlanted " xb21Encoding ReEncodeFont " <xb-21.enc <fxbro.pfb
fxbro-xb-22 LinBiolinumSlanted " xb22Encoding ReEncodeFont " <xb-22.enc <fxbro.pfb
fxbro-xb-23 LinBiolinumSlanted " xb23Encoding ReEncodeFont " <xb-23.enc <fxbro.pfb
fxbro-xb-24 LinBiolinumSlanted " xb24Encoding ReEncodeFont " <xb-24.enc <fxbro.pfb
fxbro-xb-25 LinBiolinumSlanted " xb25Encoding ReEncodeFont " <xb-25.enc <fxbro.pfb
fxbro-xb-26 LinBiolinumSlanted " xb26Encoding ReEncodeFont " <xb-26.enc <fxbro.pfb
fxbro-xb-27 LinBiolinumSlanted " xb27Encoding ReEncodeFont " <xb-27.enc <fxbro.pfb
fxbro-xb-2c LinBiolinumSlanted " xb2cEncoding ReEncodeFont " <xb-2c.enc <fxbro.pfb
fxbro-xb-2e LinBiolinumSlanted " xb2eEncoding ReEncodeFont " <xb-2e.enc <fxbro.pfb
fxbro-xb-8x LinBiolinumSlanted " xbExpertEncoding ReEncodeFont " <xb-8x.enc <fxbro.pfb
fxbro-xb-a7 LinBiolinumSlanted " xba7Encoding ReEncodeFont " <xb-a7.enc <fxbro.pfb
fxbro-xb-e0 LinBiolinumSlanted " xbe0Encoding ReEncodeFont " <xb-e0.enc <fxbro.pfb
fxbro-xb-e1 LinBiolinumSlanted " xbe1Encoding ReEncodeFont " <xb-e1.enc <fxbro.pfb
fxbro-xb-e3 LinBiolinumSlanted " xbe3Encoding ReEncodeFont " <xb-e3.enc <fxbro.pfb
fxbro-xb-e4 LinBiolinumSlanted " xbe4Encoding ReEncodeFont " <xb-e4.enc <fxbro.pfb
fxbro-xb-f6 LinBiolinumSlanted " xbf6Encoding ReEncodeFont " <xb-f6.enc <fxbro.pfb
fxbro-xb-fb LinBiolinumSlanted " xbfbEncoding ReEncodeFont " <xb-fb.enc <fxbro.pfb
fxbro-xb-ff LinBiolinumSlanted " xbffEncoding ReEncodeFont " <xb-ff.enc <fxbro.pfb
fxbro-xb-t1 LinBiolinumSlanted " xbT1Encoding ReEncodeFont " <xb-t1.enc <fxbro.pfb
fxbr-xb-00 LinBiolinum " xb00Encoding ReEncodeFont " <xb-00.enc <fxbr.pfb
fxbr-xb-01 LinBiolinum " xb01Encoding ReEncodeFont " <xb-01.enc <fxbr.pfb
fxbr-xb-02 LinBiolinum " xb02Encoding ReEncodeFont " <xb-02.enc <fxbr.pfb
fxbr-xb-03 LinBiolinum " xb03Encoding ReEncodeFont " <xb-03.enc <fxbr.pfb
fxbr-xb-04 LinBiolinum " xb04Encoding ReEncodeFont " <xb-04.enc <fxbr.pfb
fxbr-xb-05 LinBiolinum " xb05Encoding ReEncodeFont " <xb-05.enc <fxbr.pfb
fxbr-xb-1d LinBiolinum " xb1dEncoding ReEncodeFont " <xb-1d.enc <fxbr.pfb
fxbr-xb-1e LinBiolinum " xb1eEncoding ReEncodeFont " <xb-1e.enc <fxbr.pfb
fxbr-xb-1f LinBiolinum " xb1fEncoding ReEncodeFont " <xb-1f.enc <fxbr.pfb
fxbr-xb-20 LinBiolinum " xb20Encoding ReEncodeFont " <xb-20.enc <fxbr.pfb
fxbr-xb-21 LinBiolinum " xb21Encoding ReEncodeFont " <xb-21.enc <fxbr.pfb
fxbr-xb-22 LinBiolinum " xb22Encoding ReEncodeFont " <xb-22.enc <fxbr.pfb
fxbr-xb-23 LinBiolinum " xb23Encoding ReEncodeFont " <xb-23.enc <fxbr.pfb
fxbr-xb-24 LinBiolinum " xb24Encoding ReEncodeFont " <xb-24.enc <fxbr.pfb
fxbr-xb-25 LinBiolinum " xb25Encoding ReEncodeFont " <xb-25.enc <fxbr.pfb
fxbr-xb-26 LinBiolinum " xb26Encoding ReEncodeFont " <xb-26.enc <fxbr.pfb
fxbr-xb-27 LinBiolinum " xb27Encoding ReEncodeFont " <xb-27.enc <fxbr.pfb
fxbr-xb-2c LinBiolinum " xb2cEncoding ReEncodeFont " <xb-2c.enc <fxbr.pfb
fxbr-xb-2e LinBiolinum " xb2eEncoding ReEncodeFont " <xb-2e.enc <fxbr.pfb
fxbr-xb-8x LinBiolinum " xbExpertEncoding ReEncodeFont " <xb-8x.enc <fxbr.pfb
fxbr-xb-a7 LinBiolinum " xba7Encoding ReEncodeFont " <xb-a7.enc <fxbr.pfb
fxbr-xb-e0 LinBiolinum " xbe0Encoding ReEncodeFont " <xb-e0.enc <fxbr.pfb
fxbr-xb-e1 LinBiolinum " xbe1Encoding ReEncodeFont " <xb-e1.enc <fxbr.pfb
fxbr-xb-e3 LinBiolinum " xbe3Encoding ReEncodeFont " <xb-e3.enc <fxbr.pfb
fxbr-xb-e4 LinBiolinum " xbe4Encoding ReEncodeFont " <xb-e4.enc <fxbr.pfb
fxbr-xb-f6 LinBiolinum " xbf6Encoding ReEncodeFont " <xb-f6.enc <fxbr.pfb
fxbr-xb-fb LinBiolinum " xbfbEncoding ReEncodeFont " <xb-fb.enc <fxbr.pfb
fxbr-xb-ff LinBiolinum " xbffEncoding ReEncodeFont " <xb-ff.enc <fxbr.pfb
fxbr-xb-t1 LinBiolinum " xbT1Encoding ReEncodeFont " <xb-t1.enc <fxbr.pfb
fxbs-8r LinBiolinumW " TeXBase1Encoding ReEncodeFont " <[8r.enc <fxbs.pfb
fxbsb-8r LinBiolinumShadowB " TeXBase1Encoding ReEncodeFont " <[8r.enc <fxbsb.pfb
fxbsb-xb-00 LinBiolinumShadowB " xb00Encoding ReEncodeFont " <xb-00.enc <fxbsb.pfb
fxbsb-xb-01 LinBiolinumShadowB " xb01Encoding ReEncodeFont " <xb-01.enc <fxbsb.pfb
fxbsb-xb-02 LinBiolinumShadowB " xb02Encoding ReEncodeFont " <xb-02.enc <fxbsb.pfb
fxbsb-xb-03 LinBiolinumShadowB " xb03Encoding ReEncodeFont " <xb-03.enc <fxbsb.pfb
fxbsb-xb-04 LinBiolinumShadowB " xb04Encoding ReEncodeFont " <xb-04.enc <fxbsb.pfb
fxbsb-xb-05 LinBiolinumShadowB " xb05Encoding ReEncodeFont " <xb-05.enc <fxbsb.pfb
fxbsb-xb-1d LinBiolinumShadowB " xb1dEncoding ReEncodeFont " <xb-1d.enc <fxbsb.pfb
fxbsb-xb-1e LinBiolinumShadowB " xb1eEncoding ReEncodeFont " <xb-1e.enc <fxbsb.pfb
fxbsb-xb-1f LinBiolinumShadowB " xb1fEncoding ReEncodeFont " <xb-1f.enc <fxbsb.pfb
fxbsb-xb-20 LinBiolinumShadowB " xb20Encoding ReEncodeFont " <xb-20.enc <fxbsb.pfb
fxbsb-xb-21 LinBiolinumShadowB " xb21Encoding ReEncodeFont " <xb-21.enc <fxbsb.pfb
fxbsb-xb-22 LinBiolinumShadowB " xb22Encoding ReEncodeFont " <xb-22.enc <fxbsb.pfb
fxbsb-xb-23 LinBiolinumShadowB " xb23Encoding ReEncodeFont " <xb-23.enc <fxbsb.pfb
fxbsb-xb-24 LinBiolinumShadowB " xb24Encoding ReEncodeFont " <xb-24.enc <fxbsb.pfb
fxbsb-xb-25 LinBiolinumShadowB " xb25Encoding ReEncodeFont " <xb-25.enc <fxbsb.pfb
fxbsb-xb-26 LinBiolinumShadowB " xb26Encoding ReEncodeFont " <xb-26.enc <fxbsb.pfb
fxbsb-xb-27 LinBiolinumShadowB " xb27Encoding ReEncodeFont " <xb-27.enc <fxbsb.pfb
fxbsb-xb-2c LinBiolinumShadowB " xb2cEncoding ReEncodeFont " <xb-2c.enc <fxbsb.pfb
fxbsb-xb-2e LinBiolinumShadowB " xb2eEncoding ReEncodeFont " <xb-2e.enc <fxbsb.pfb
fxbsb-xb-8x LinBiolinumShadowB " xbExpertEncoding ReEncodeFont " <xb-8x.enc <fxbsb.pfb
fxbsb-xb-a7 LinBiolinumShadowB " xba7Encoding ReEncodeFont " <xb-a7.enc <fxbsb.pfb
fxbsb-xb-e0 LinBiolinumShadowB " xbe0Encoding ReEncodeFont " <xb-e0.enc <fxbsb.pfb
fxbsb-xb-e1 LinBiolinumShadowB " xbe1Encoding ReEncodeFont " <xb-e1.enc <fxbsb.pfb
fxbsb-xb-e3 LinBiolinumShadowB " xbe3Encoding ReEncodeFont " <xb-e3.enc <fxbsb.pfb
fxbsb-xb-e4 LinBiolinumShadowB " xbe4Encoding ReEncodeFont " <xb-e4.enc <fxbsb.pfb
fxbsb-xb-f6 LinBiolinumShadowB " xbf6Encoding ReEncodeFont " <xb-f6.enc <fxbsb.pfb
fxbsb-xb-fb LinBiolinumShadowB " xbfbEncoding ReEncodeFont " <xb-fb.enc <fxbsb.pfb
fxbsb-xb-ff LinBiolinumShadowB " xbffEncoding ReEncodeFont " <xb-ff.enc <fxbsb.pfb
fxbsb-xb-t1 LinBiolinumShadowB " xbT1Encoding ReEncodeFont " <xb-t1.enc <fxbsb.pfb
fxbsi-8r LinBiolinumWI " TeXBase1Encoding ReEncodeFont " <[8r.enc <fxbsi.pfb
fxbsi-xb-00 LinBiolinumWI " xb00Encoding ReEncodeFont " <xb-00.enc <fxbsi.pfb
fxbsi-xb-01 LinBiolinumWI " xb01Encoding ReEncodeFont " <xb-01.enc <fxbsi.pfb
fxbsi-xb-02 LinBiolinumWI " xb02Encoding ReEncodeFont " <xb-02.enc <fxbsi.pfb
fxbsi-xb-03 LinBiolinumWI " xb03Encoding ReEncodeFont " <xb-03.enc <fxbsi.pfb
fxbsi-xb-04 LinBiolinumWI " xb04Encoding ReEncodeFont " <xb-04.enc <fxbsi.pfb
fxbsi-xb-05 LinBiolinumWI " xb05Encoding ReEncodeFont " <xb-05.enc <fxbsi.pfb
fxbsi-xb-1d LinBiolinumWI " xb1dEncoding ReEncodeFont " <xb-1d.enc <fxbsi.pfb
fxbsi-xb-1e LinBiolinumWI " xb1eEncoding ReEncodeFont " <xb-1e.enc <fxbsi.pfb
fxbsi-xb-1f LinBiolinumWI " xb1fEncoding ReEncodeFont " <xb-1f.enc <fxbsi.pfb
fxbsi-xb-20 LinBiolinumWI " xb20Encoding ReEncodeFont " <xb-20.enc <fxbsi.pfb
fxbsi-xb-21 LinBiolinumWI " xb21Encoding ReEncodeFont " <xb-21.enc <fxbsi.pfb
fxbsi-xb-22 LinBiolinumWI " xb22Encoding ReEncodeFont " <xb-22.enc <fxbsi.pfb
fxbsi-xb-23 LinBiolinumWI " xb23Encoding ReEncodeFont " <xb-23.enc <fxbsi.pfb
fxbsi-xb-24 LinBiolinumWI " xb24Encoding ReEncodeFont " <xb-24.enc <fxbsi.pfb
fxbsi-xb-25 LinBiolinumWI " xb25Encoding ReEncodeFont " <xb-25.enc <fxbsi.pfb
fxbsi-xb-26 LinBiolinumWI " xb26Encoding ReEncodeFont " <xb-26.enc <fxbsi.pfb
fxbsi-xb-27 LinBiolinumWI " xb27Encoding ReEncodeFont " <xb-27.enc <fxbsi.pfb
fxbsi-xb-2c LinBiolinumWI " xb2cEncoding ReEncodeFont " <xb-2c.enc <fxbsi.pfb
fxbsi-xb-2e LinBiolinumWI " xb2eEncoding ReEncodeFont " <xb-2e.enc <fxbsi.pfb
fxbsi-xb-8x LinBiolinumWI " xbExpertEncoding ReEncodeFont " <xb-8x.enc <fxbsi.pfb
fxbsi-xb-a7 LinBiolinumWI " xba7Encoding ReEncodeFont " <xb-a7.enc <fxbsi.pfb
fxbsi-xb-e0 LinBiolinumWI " xbe0Encoding ReEncodeFont " <xb-e0.enc <fxbsi.pfb
fxbsi-xb-e1 LinBiolinumWI " xbe1Encoding ReEncodeFont " <xb-e1.enc <fxbsi.pfb
fxbsi-xb-e3 LinBiolinumWI " xbe3Encoding ReEncodeFont " <xb-e3.enc <fxbsi.pfb
fxbsi-xb-e4 LinBiolinumWI " xbe4Encoding ReEncodeFont " <xb-e4.enc <fxbsi.pfb
fxbsi-xb-f6 LinBiolinumWI " xbf6Encoding ReEncodeFont " <xb-f6.enc <fxbsi.pfb
fxbsi-xb-fb LinBiolinumWI " xbfbEncoding ReEncodeFont " <xb-fb.enc <fxbsi.pfb
fxbsi-xb-ff LinBiolinumWI " xbffEncoding ReEncodeFont " <xb-ff.enc <fxbsi.pfb
fxbsi-xb-t1 LinBiolinumWI " xbT1Encoding ReEncodeFont " <xb-t1.enc <fxbsi.pfb
fxbs-xb-00 LinBiolinumW " xb00Encoding ReEncodeFont " <xb-00.enc <fxbs.pfb
fxbs-xb-01 LinBiolinumW " xb01Encoding ReEncodeFont " <xb-01.enc <fxbs.pfb
fxbs-xb-02 LinBiolinumW " xb02Encoding ReEncodeFont " <xb-02.enc <fxbs.pfb
fxbs-xb-03 LinBiolinumW " xb03Encoding ReEncodeFont " <xb-03.enc <fxbs.pfb
fxbs-xb-04 LinBiolinumW " xb04Encoding ReEncodeFont " <xb-04.enc <fxbs.pfb
fxbs-xb-05 LinBiolinumW " xb05Encoding ReEncodeFont " <xb-05.enc <fxbs.pfb
fxbs-xb-1d LinBiolinumW " xb1dEncoding ReEncodeFont " <xb-1d.enc <fxbs.pfb
fxbs-xb-1e LinBiolinumW " xb1eEncoding ReEncodeFont " <xb-1e.enc <fxbs.pfb
fxbs-xb-1f LinBiolinumW " xb1fEncoding ReEncodeFont " <xb-1f.enc <fxbs.pfb
fxbs-xb-20 LinBiolinumW " xb20Encoding ReEncodeFont " <xb-20.enc <fxbs.pfb
fxbs-xb-21 LinBiolinumW " xb21Encoding ReEncodeFont " <xb-21.enc <fxbs.pfb
fxbs-xb-22 LinBiolinumW " xb22Encoding ReEncodeFont " <xb-22.enc <fxbs.pfb
fxbs-xb-23 LinBiolinumW " xb23Encoding ReEncodeFont " <xb-23.enc <fxbs.pfb
fxbs-xb-24 LinBiolinumW " xb24Encoding ReEncodeFont " <xb-24.enc <fxbs.pfb
fxbs-xb-25 LinBiolinumW " xb25Encoding ReEncodeFont " <xb-25.enc <fxbs.pfb
fxbs-xb-26 LinBiolinumW " xb26Encoding ReEncodeFont " <xb-26.enc <fxbs.pfb
fxbs-xb-27 LinBiolinumW " xb27Encoding ReEncodeFont " <xb-27.enc <fxbs.pfb
fxbs-xb-2c LinBiolinumW " xb2cEncoding ReEncodeFont " <xb-2c.enc <fxbs.pfb
fxbs-xb-2e LinBiolinumW " xb2eEncoding ReEncodeFont " <xb-2e.enc <fxbs.pfb
fxbs-xb-8x LinBiolinumW " xbExpertEncoding ReEncodeFont " <xb-8x.enc <fxbs.pfb
fxbs-xb-a7 LinBiolinumW " xba7Encoding ReEncodeFont " <xb-a7.enc <fxbs.pfb
fxbs-xb-e0 LinBiolinumW " xbe0Encoding ReEncodeFont " <xb-e0.enc <fxbs.pfb
fxbs-xb-e1 LinBiolinumW " xbe1Encoding ReEncodeFont " <xb-e1.enc <fxbs.pfb
fxbs-xb-e3 LinBiolinumW " xbe3Encoding ReEncodeFont " <xb-e3.enc <fxbs.pfb
fxbs-xb-e4 LinBiolinumW " xbe4Encoding ReEncodeFont " <xb-e4.enc <fxbs.pfb
fxbs-xb-f6 LinBiolinumW " xbf6Encoding ReEncodeFont " <xb-f6.enc <fxbs.pfb
fxbs-xb-fb LinBiolinumW " xbfbEncoding ReEncodeFont " <xb-fb.enc <fxbs.pfb
fxbs-xb-ff LinBiolinumW " xbffEncoding ReEncodeFont " <xb-ff.enc <fxbs.pfb
fxbs-xb-t1 LinBiolinumW " xbT1Encoding ReEncodeFont " <xb-t1.enc <fxbs.pfb
fxlb-8r LinLibertineB " TeXBase1Encoding ReEncodeFont " <[8r.enc <fxlb.pfb
fxlbi-8r LinLibertineBI " TeXBase1Encoding ReEncodeFont " <[8r.enc <fxlbi.pfb
fxlbi-xl-00 LinLibertineBI " xl00Encoding ReEncodeFont " <xl-00.enc <fxlbi.pfb
fxlbi-xl-01 LinLibertineBI " xl01Encoding ReEncodeFont " <xl-01.enc <fxlbi.pfb
fxlbi-xl-02 LinLibertineBI " xl02Encoding ReEncodeFont " <xl-02.enc <fxlbi.pfb
fxlbi-xl-03 LinLibertineBI " xl03Encoding ReEncodeFont " <xl-03.enc <fxlbi.pfb
fxlbi-xl-04 LinLibertineBI " xl04Encoding ReEncodeFont " <xl-04.enc <fxlbi.pfb
fxlbi-xl-05 LinLibertineBI " xl05Encoding ReEncodeFont " <xl-05.enc <fxlbi.pfb
fxlbi-xl-1d LinLibertineBI " xl1dEncoding ReEncodeFont " <xl-1d.enc <fxlbi.pfb
fxlbi-xl-1e LinLibertineBI " xl1eEncoding ReEncodeFont " <xl-1e.enc <fxlbi.pfb
fxlbi-xl-1f LinLibertineBI " xl1fEncoding ReEncodeFont " <xl-1f.enc <fxlbi.pfb
fxlbi-xl-20 LinLibertineBI " xl20Encoding ReEncodeFont " <xl-20.enc <fxlbi.pfb
fxlbi-xl-21 LinLibertineBI " xl21Encoding ReEncodeFont " <xl-21.enc <fxlbi.pfb
fxlbi-xl-22 LinLibertineBI " xl22Encoding ReEncodeFont " <xl-22.enc <fxlbi.pfb
fxlbi-xl-23 LinLibertineBI " xl23Encoding ReEncodeFont " <xl-23.enc <fxlbi.pfb
fxlbi-xl-24 LinLibertineBI " xl24Encoding ReEncodeFont " <xl-24.enc <fxlbi.pfb
fxlbi-xl-25 LinLibertineBI " xl25Encoding ReEncodeFont " <xl-25.enc <fxlbi.pfb
fxlbi-xl-26 LinLibertineBI " xl26Encoding ReEncodeFont " <xl-26.enc <fxlbi.pfb
fxlbi-xl-27 LinLibertineBI " xl27Encoding ReEncodeFont " <xl-27.enc <fxlbi.pfb
fxlbi-xl-2c LinLibertineBI " xl2cEncoding ReEncodeFont " <xl-2c.enc <fxlbi.pfb
fxlbi-xl-2e LinLibertineBI " xl2eEncoding ReEncodeFont " <xl-2e.enc <fxlbi.pfb
fxlbi-xl-8x LinLibertineBI " xlExpertEncoding ReEncodeFont " <xl-8x.enc <fxlbi.pfb
fxlbi-xl-a6 LinLibertineBI " xla6Encoding ReEncodeFont " <xl-a6.enc <fxlbi.pfb
fxlbi-xl-a7 LinLibertineBI " xla7Encoding ReEncodeFont " <xl-a7.enc <fxlbi.pfb
fxlbi-xl-e0 LinLibertineBI " xle0Encoding ReEncodeFont " <xl-e0.enc <fxlbi.pfb
fxlbi-xl-e1 LinLibertineBI " xle1Encoding ReEncodeFont " <xl-e1.enc <fxlbi.pfb
fxlbi-xl-e3 LinLibertineBI " xle3Encoding ReEncodeFont " <xl-e3.enc <fxlbi.pfb
fxlbi-xl-e4 LinLibertineBI " xle4Encoding ReEncodeFont " <xl-e4.enc <fxlbi.pfb
fxlbi-xl-f6 LinLibertineBI " xlf6Encoding ReEncodeFont " <xl-f6.enc <fxlbi.pfb
fxlbi-xl-fb LinLibertineBI " xlfbEncoding ReEncodeFont " <xl-fb.enc <fxlbi.pfb
fxlbi-xl-ff LinLibertineBI " xlffEncoding ReEncodeFont " <xl-ff.enc <fxlbi.pfb
fxlbi-xl-t1 LinLibertineBI " xlT1Encoding ReEncodeFont " <xl-t1.enc <fxlbi.pfb
fxlbo-8r LinLibertineSlantedB " TeXBase1Encoding ReEncodeFont " <[8r.enc <fxlbo.pfb
fxlbo-xl-00 LinLibertineSlantedB " xl00Encoding ReEncodeFont " <xl-00.enc <fxlbo.pfb
fxlbo-xl-01 LinLibertineSlantedB " xl01Encoding ReEncodeFont " <xl-01.enc <fxlbo.pfb
fxlbo-xl-02 LinLibertineSlantedB " xl02Encoding ReEncodeFont " <xl-02.enc <fxlbo.pfb
fxlbo-xl-03 LinLibertineSlantedB " xl03Encoding ReEncodeFont " <xl-03.enc <fxlbo.pfb
fxlbo-xl-04 LinLibertineSlantedB " xl04Encoding ReEncodeFont " <xl-04.enc <fxlbo.pfb
fxlbo-xl-05 LinLibertineSlantedB " xl05Encoding ReEncodeFont " <xl-05.enc <fxlbo.pfb
fxlbo-xl-1d LinLibertineSlantedB " xl1dEncoding ReEncodeFont " <xl-1d.enc <fxlbo.pfb
fxlbo-xl-1e LinLibertineSlantedB " xl1eEncoding ReEncodeFont " <xl-1e.enc <fxlbo.pfb
fxlbo-xl-1f LinLibertineSlantedB " xl1fEncoding ReEncodeFont " <xl-1f.enc <fxlbo.pfb
fxlbo-xl-20 LinLibertineSlantedB " xl20Encoding ReEncodeFont " <xl-20.enc <fxlbo.pfb
fxlbo-xl-21 LinLibertineSlantedB " xl21Encoding ReEncodeFont " <xl-21.enc <fxlbo.pfb
fxlbo-xl-22 LinLibertineSlantedB " xl22Encoding ReEncodeFont " <xl-22.enc <fxlbo.pfb
fxlbo-xl-23 LinLibertineSlantedB " xl23Encoding ReEncodeFont " <xl-23.enc <fxlbo.pfb
fxlbo-xl-24 LinLibertineSlantedB " xl24Encoding ReEncodeFont " <xl-24.enc <fxlbo.pfb
fxlbo-xl-25 LinLibertineSlantedB " xl25Encoding ReEncodeFont " <xl-25.enc <fxlbo.pfb
fxlbo-xl-26 LinLibertineSlantedB " xl26Encoding ReEncodeFont " <xl-26.enc <fxlbo.pfb
fxlbo-xl-27 LinLibertineSlantedB " xl27Encoding ReEncodeFont " <xl-27.enc <fxlbo.pfb
fxlbo-xl-2c LinLibertineSlantedB " xl2cEncoding ReEncodeFont " <xl-2c.enc <fxlbo.pfb
fxlbo-xl-2e LinLibertineSlantedB " xl2eEncoding ReEncodeFont " <xl-2e.enc <fxlbo.pfb
fxlbo-xl-8x LinLibertineSlantedB " xlExpertEncoding ReEncodeFont " <xl-8x.enc <fxlbo.pfb
fxlbo-xl-a6 LinLibertineSlantedB " xla6Encoding ReEncodeFont " <xl-a6.enc <fxlbo.pfb
fxlbo-xl-a7 LinLibertineSlantedB " xla7Encoding ReEncodeFont " <xl-a7.enc <fxlbo.pfb
fxlbo-xl-e0 LinLibertineSlantedB " xle0Encoding ReEncodeFont " <xl-e0.enc <fxlbo.pfb
fxlbo-xl-e1 LinLibertineSlantedB " xle1Encoding ReEncodeFont " <xl-e1.enc <fxlbo.pfb
fxlbo-xl-e3 LinLibertineSlantedB " xle3Encoding ReEncodeFont " <xl-e3.enc <fxlbo.pfb
fxlbo-xl-e4 LinLibertineSlantedB " xle4Encoding ReEncodeFont " <xl-e4.enc <fxlbo.pfb
fxlbo-xl-f6 LinLibertineSlantedB " xlf6Encoding ReEncodeFont " <xl-f6.enc <fxlbo.pfb
fxlbo-xl-fb LinLibertineSlantedB " xlfbEncoding ReEncodeFont " <xl-fb.enc <fxlbo.pfb
fxlbo-xl-ff LinLibertineSlantedB " xlffEncoding ReEncodeFont " <xl-ff.enc <fxlbo.pfb
fxlbo-xl-lgr LinLibertineSlantedB " xlLGREncoding ReEncodeFont " <xl-lgr.enc <fxlbo.pfb
fxlbo-xl-t1 LinLibertineSlantedB " xlT1Encoding ReEncodeFont " <xl-t1.enc <fxlbo.pfb
fxlb-xl-00 LinLibertineB " xl00Encoding ReEncodeFont " <xl-00.enc <fxlb.pfb
fxlb-xl-01 LinLibertineB " xl01Encoding ReEncodeFont " <xl-01.enc <fxlb.pfb
fxlb-xl-02 LinLibertineB " xl02Encoding ReEncodeFont " <xl-02.enc <fxlb.pfb
fxlb-xl-03 LinLibertineB " xl03Encoding ReEncodeFont " <xl-03.enc <fxlb.pfb
fxlb-xl-04 LinLibertineB " xl04Encoding ReEncodeFont " <xl-04.enc <fxlb.pfb
fxlb-xl-05 LinLibertineB " xl05Encoding ReEncodeFont " <xl-05.enc <fxlb.pfb
fxlb-xl-1d LinLibertineB " xl1dEncoding ReEncodeFont " <xl-1d.enc <fxlb.pfb
fxlb-xl-1e LinLibertineB " xl1eEncoding ReEncodeFont " <xl-1e.enc <fxlb.pfb
fxlb-xl-1f LinLibertineB " xl1fEncoding ReEncodeFont " <xl-1f.enc <fxlb.pfb
fxlb-xl-20 LinLibertineB " xl20Encoding ReEncodeFont " <xl-20.enc <fxlb.pfb
fxlb-xl-21 LinLibertineB " xl21Encoding ReEncodeFont " <xl-21.enc <fxlb.pfb
fxlb-xl-22 LinLibertineB " xl22Encoding ReEncodeFont " <xl-22.enc <fxlb.pfb
fxlb-xl-23 LinLibertineB " xl23Encoding ReEncodeFont " <xl-23.enc <fxlb.pfb
fxlb-xl-24 LinLibertineB " xl24Encoding ReEncodeFont " <xl-24.enc <fxlb.pfb
fxlb-xl-25 LinLibertineB " xl25Encoding ReEncodeFont " <xl-25.enc <fxlb.pfb
fxlb-xl-26 LinLibertineB " xl26Encoding ReEncodeFont " <xl-26.enc <fxlb.pfb
fxlb-xl-27 LinLibertineB " xl27Encoding ReEncodeFont " <xl-27.enc <fxlb.pfb
fxlb-xl-2c LinLibertineB " xl2cEncoding ReEncodeFont " <xl-2c.enc <fxlb.pfb
fxlb-xl-2e LinLibertineB " xl2eEncoding ReEncodeFont " <xl-2e.enc <fxlb.pfb
fxlb-xl-8x LinLibertineB " xlExpertEncoding ReEncodeFont " <xl-8x.enc <fxlb.pfb
fxlb-xl-a6 LinLibertineB " xla6Encoding ReEncodeFont " <xl-a6.enc <fxlb.pfb
fxlb-xl-a7 LinLibertineB " xla7Encoding ReEncodeFont " <xl-a7.enc <fxlb.pfb
fxlb-xl-e0 LinLibertineB " xle0Encoding ReEncodeFont " <xl-e0.enc <fxlb.pfb
fxlb-xl-e1 LinLibertineB " xle1Encoding ReEncodeFont " <xl-e1.enc <fxlb.pfb
fxlb-xl-e3 LinLibertineB " xle3Encoding ReEncodeFont " <xl-e3.enc <fxlb.pfb
fxlb-xl-e4 LinLibertineB " xle4Encoding ReEncodeFont " <xl-e4.enc <fxlb.pfb
fxlb-xl-f6 LinLibertineB " xlf6Encoding ReEncodeFont " <xl-f6.enc <fxlb.pfb
fxlb-xl-fb LinLibertineB " xlfbEncoding ReEncodeFont " <xl-fb.enc <fxlb.pfb
fxlb-xl-ff LinLibertineB " xlffEncoding ReEncodeFont " <xl-ff.enc <fxlb.pfb
fxlb-xl-lgr LinLibertineB " xlLGREncoding ReEncodeFont " <xl-lgr.enc <fxlb.pfb
fxlb-xl-t1 LinLibertineB " xlT1Encoding ReEncodeFont " <xl-t1.enc <fxlb.pfb
fxldr-8r LinLibertineDisplay " TeXBase1Encoding ReEncodeFont " <[8r.enc <fxldr.pfb
fxldro-8r LinLibertineDisplaySlanted " TeXBase1Encoding ReEncodeFont " <[8r.enc <fxldro.pfb
fxldro-xl-00 LinLibertineDisplaySlanted " xl00Encoding ReEncodeFont " <xl-00.enc <fxldro.pfb
fxldro-xl-01 LinLibertineDisplaySlanted " xl01Encoding ReEncodeFont " <xl-01.enc <fxldro.pfb
fxldro-xl-02 LinLibertineDisplaySlanted " xl02Encoding ReEncodeFont " <xl-02.enc <fxldro.pfb
fxldro-xl-03 LinLibertineDisplaySlanted " xl03Encoding ReEncodeFont " <xl-03.enc <fxldro.pfb
fxldro-xl-04 LinLibertineDisplaySlanted " xl04Encoding ReEncodeFont " <xl-04.enc <fxldro.pfb
fxldro-xl-05 LinLibertineDisplaySlanted " xl05Encoding ReEncodeFont " <xl-05.enc <fxldro.pfb
fxldro-xl-1d LinLibertineDisplaySlanted " xl1dEncoding ReEncodeFont " <xl-1d.enc <fxldro.pfb
fxldro-xl-1e LinLibertineDisplaySlanted " xl1eEncoding ReEncodeFont " <xl-1e.enc <fxldro.pfb
fxldro-xl-1f LinLibertineDisplaySlanted " xl1fEncoding ReEncodeFont " <xl-1f.enc <fxldro.pfb
fxldro-xl-20 LinLibertineDisplaySlanted " xl20Encoding ReEncodeFont " <xl-20.enc <fxldro.pfb
fxldro-xl-21 LinLibertineDisplaySlanted " xl21Encoding ReEncodeFont " <xl-21.enc <fxldro.pfb
fxldro-xl-22 LinLibertineDisplaySlanted " xl22Encoding ReEncodeFont " <xl-22.enc <fxldro.pfb
fxldro-xl-23 LinLibertineDisplaySlanted " xl23Encoding ReEncodeFont " <xl-23.enc <fxldro.pfb
fxldro-xl-24 LinLibertineDisplaySlanted " xl24Encoding ReEncodeFont " <xl-24.enc <fxldro.pfb
fxldro-xl-25 LinLibertineDisplaySlanted " xl25Encoding ReEncodeFont " <xl-25.enc <fxldro.pfb
fxldro-xl-26 LinLibertineDisplaySlanted " xl26Encoding ReEncodeFont " <xl-26.enc <fxldro.pfb
fxldro-xl-27 LinLibertineDisplaySlanted " xl27Encoding ReEncodeFont " <xl-27.enc <fxldro.pfb
fxldro-xl-2c LinLibertineDisplaySlanted " xl2cEncoding ReEncodeFont " <xl-2c.enc <fxldro.pfb
fxldro-xl-2e LinLibertineDisplaySlanted " xl2eEncoding ReEncodeFont " <xl-2e.enc <fxldro.pfb
fxldro-xl-8x LinLibertineDisplaySlanted " xlExpertEncoding ReEncodeFont " <xl-8x.enc <fxldro.pfb
fxldro-xl-a6 LinLibertineDisplaySlanted " xla6Encoding ReEncodeFont " <xl-a6.enc <fxldro.pfb
fxldro-xl-a7 LinLibertineDisplaySlanted " xla7Encoding ReEncodeFont " <xl-a7.enc <fxldro.pfb
fxldro-xl-e0 LinLibertineDisplaySlanted " xle0Encoding ReEncodeFont " <xl-e0.enc <fxldro.pfb
fxldro-xl-e1 LinLibertineDisplaySlanted " xle1Encoding ReEncodeFont " <xl-e1.enc <fxldro.pfb
fxldro-xl-e3 LinLibertineDisplaySlanted " xle3Encoding ReEncodeFont " <xl-e3.enc <fxldro.pfb
fxldro-xl-e4 LinLibertineDisplaySlanted " xle4Encoding ReEncodeFont " <xl-e4.enc <fxldro.pfb
fxldro-xl-f6 LinLibertineDisplaySlanted " xlf6Encoding ReEncodeFont " <xl-f6.enc <fxldro.pfb
fxldro-xl-fb LinLibertineDisplaySlanted " xlfbEncoding ReEncodeFont " <xl-fb.enc <fxldro.pfb
fxldro-xl-ff LinLibertineDisplaySlanted " xlffEncoding ReEncodeFont " <xl-ff.enc <fxldro.pfb
fxldro-xl-t1 LinLibertineDisplaySlanted " xlT1Encoding ReEncodeFont " <xl-t1.enc <fxldro.pfb
fxldr-xl-00 LinLibertineDisplay " xl00Encoding ReEncodeFont " <xl-00.enc <fxldr.pfb
fxldr-xl-01 LinLibertineDisplay " xl01Encoding ReEncodeFont " <xl-01.enc <fxldr.pfb
fxldr-xl-02 LinLibertineDisplay " xl02Encoding ReEncodeFont " <xl-02.enc <fxldr.pfb
fxldr-xl-03 LinLibertineDisplay " xl03Encoding ReEncodeFont " <xl-03.enc <fxldr.pfb
fxldr-xl-04 LinLibertineDisplay " xl04Encoding ReEncodeFont " <xl-04.enc <fxldr.pfb
fxldr-xl-05 LinLibertineDisplay " xl05Encoding ReEncodeFont " <xl-05.enc <fxldr.pfb
fxldr-xl-1d LinLibertineDisplay " xl1dEncoding ReEncodeFont " <xl-1d.enc <fxldr.pfb
fxldr-xl-1e LinLibertineDisplay " xl1eEncoding ReEncodeFont " <xl-1e.enc <fxldr.pfb
fxldr-xl-1f LinLibertineDisplay " xl1fEncoding ReEncodeFont " <xl-1f.enc <fxldr.pfb
fxldr-xl-20 LinLibertineDisplay " xl20Encoding ReEncodeFont " <xl-20.enc <fxldr.pfb
fxldr-xl-21 LinLibertineDisplay " xl21Encoding ReEncodeFont " <xl-21.enc <fxldr.pfb
fxldr-xl-22 LinLibertineDisplay " xl22Encoding ReEncodeFont " <xl-22.enc <fxldr.pfb
fxldr-xl-23 LinLibertineDisplay " xl23Encoding ReEncodeFont " <xl-23.enc <fxldr.pfb
fxldr-xl-24 LinLibertineDisplay " xl24Encoding ReEncodeFont " <xl-24.enc <fxldr.pfb
fxldr-xl-25 LinLibertineDisplay " xl25Encoding ReEncodeFont " <xl-25.enc <fxldr.pfb
fxldr-xl-26 LinLibertineDisplay " xl26Encoding ReEncodeFont " <xl-26.enc <fxldr.pfb
fxldr-xl-27 LinLibertineDisplay " xl27Encoding ReEncodeFont " <xl-27.enc <fxldr.pfb
fxldr-xl-2c LinLibertineDisplay " xl2cEncoding ReEncodeFont " <xl-2c.enc <fxldr.pfb
fxldr-xl-2e LinLibertineDisplay " xl2eEncoding ReEncodeFont " <xl-2e.enc <fxldr.pfb
fxldr-xl-8x LinLibertineDisplay " xlExpertEncoding ReEncodeFont " <xl-8x.enc <fxldr.pfb
fxldr-xl-a6 LinLibertineDisplay " xla6Encoding ReEncodeFont " <xl-a6.enc <fxldr.pfb
fxldr-xl-a7 LinLibertineDisplay " xla7Encoding ReEncodeFont " <xl-a7.enc <fxldr.pfb
fxldr-xl-e0 LinLibertineDisplay " xle0Encoding ReEncodeFont " <xl-e0.enc <fxldr.pfb
fxldr-xl-e1 LinLibertineDisplay " xle1Encoding ReEncodeFont " <xl-e1.enc <fxldr.pfb
fxldr-xl-e3 LinLibertineDisplay " xle3Encoding ReEncodeFont " <xl-e3.enc <fxldr.pfb
fxldr-xl-e4 LinLibertineDisplay " xle4Encoding ReEncodeFont " <xl-e4.enc <fxldr.pfb
fxldr-xl-f6 LinLibertineDisplay " xlf6Encoding ReEncodeFont " <xl-f6.enc <fxldr.pfb
fxldr-xl-fb LinLibertineDisplay " xlfbEncoding ReEncodeFont " <xl-fb.enc <fxldr.pfb
fxldr-xl-ff LinLibertineDisplay " xlffEncoding ReEncodeFont " <xl-ff.enc <fxldr.pfb
fxldr-xl-t1 LinLibertineDisplay " xlT1Encoding ReEncodeFont " <xl-t1.enc <fxldr.pfb
fxli-xi-00 LinLibertineI " xi00Encoding ReEncodeFont " <xi-00.enc <fxli.pfb
fxli-xi-01 LinLibertineI " xi01Encoding ReEncodeFont " <xi-01.enc <fxli.pfb
fxli-xi-03 LinLibertineI " xi03Encoding ReEncodeFont " <xi-03.enc <fxli.pfb
fxli-xi-04 LinLibertineI " xi04Encoding ReEncodeFont " <xi-04.enc <fxli.pfb
fxli-xi-05 LinLibertineI " xi05Encoding ReEncodeFont " <xi-05.enc <fxli.pfb
fxli-xi-1e LinLibertineI " xi1eEncoding ReEncodeFont " <xi-1e.enc <fxli.pfb
fxli-xi-21 LinLibertineI " xi21Encoding ReEncodeFont " <xi-21.enc <fxli.pfb
fxli-xi-24 LinLibertineI " xi24Encoding ReEncodeFont " <xi-24.enc <fxli.pfb
fxli-xi-e0 LinLibertineI " xie0Encoding ReEncodeFont " <xi-e0.enc <fxli.pfb
fxli-xi-e1 LinLibertineI " xie1Encoding ReEncodeFont " <xi-e1.enc <fxli.pfb
fxli-xi-e3 LinLibertineI " xie3Encoding ReEncodeFont " <xi-e3.enc <fxli.pfb
fxli-xi-e4 LinLibertineI " xie4Encoding ReEncodeFont " <xi-e4.enc <fxli.pfb
fxli-xi-ff LinLibertineI " xiffEncoding ReEncodeFont " <xi-ff.enc <fxli.pfb
fxlr-8r LinLibertine " TeXBase1Encoding ReEncodeFont " <[8r.enc <fxlr.pfb
fxlri-8r LinLibertineI " TeXBase1Encoding ReEncodeFont " <[8r.enc <fxlri.pfb
fxlri-xl-00 LinLibertineI " xl00Encoding ReEncodeFont " <xl-00.enc <fxlri.pfb
fxlri-xl-01 LinLibertineI " xl01Encoding ReEncodeFont " <xl-01.enc <fxlri.pfb
fxlri-xl-02 LinLibertineI " xl02Encoding ReEncodeFont " <xl-02.enc <fxlri.pfb
fxlri-xl-03 LinLibertineI " xl03Encoding ReEncodeFont " <xl-03.enc <fxlri.pfb
fxlri-xl-04 LinLibertineI " xl04Encoding ReEncodeFont " <xl-04.enc <fxlri.pfb
fxlri-xl-05 LinLibertineI " xl05Encoding ReEncodeFont " <xl-05.enc <fxlri.pfb
fxlri-xl-1d LinLibertineI " xl1dEncoding ReEncodeFont " <xl-1d.enc <fxlri.pfb
fxlri-xl-1e LinLibertineI " xl1eEncoding ReEncodeFont " <xl-1e.enc <fxlri.pfb
fxlri-xl-1f LinLibertineI " xl1fEncoding ReEncodeFont " <xl-1f.enc <fxlri.pfb
fxlri-xl-20 LinLibertineI " xl20Encoding ReEncodeFont " <xl-20.enc <fxlri.pfb
fxlri-xl-21 LinLibertineI " xl21Encoding ReEncodeFont " <xl-21.enc <fxlri.pfb
fxlri-xl-22 LinLibertineI " xl22Encoding ReEncodeFont " <xl-22.enc <fxlri.pfb
fxlri-xl-23 LinLibertineI " xl23Encoding ReEncodeFont " <xl-23.enc <fxlri.pfb
fxlri-xl-24 LinLibertineI " xl24Encoding ReEncodeFont " <xl-24.enc <fxlri.pfb
fxlri-xl-25 LinLibertineI " xl25Encoding ReEncodeFont " <xl-25.enc <fxlri.pfb
fxlri-xl-26 LinLibertineI " xl26Encoding ReEncodeFont " <xl-26.enc <fxlri.pfb
fxlri-xl-27 LinLibertineI " xl27Encoding ReEncodeFont " <xl-27.enc <fxlri.pfb
fxlri-xl-2c LinLibertineI " xl2cEncoding ReEncodeFont " <xl-2c.enc <fxlri.pfb
fxlri-xl-2e LinLibertineI " xl2eEncoding ReEncodeFont " <xl-2e.enc <fxlri.pfb
fxlri-xl-8x LinLibertineI " xlExpertEncoding ReEncodeFont " <xl-8x.enc <fxlri.pfb
fxlri-xl-a6 LinLibertineI " xla6Encoding ReEncodeFont " <xl-a6.enc <fxlri.pfb
fxlri-xl-a7 LinLibertineI " xla7Encoding ReEncodeFont " <xl-a7.enc <fxlri.pfb
fxlri-xl-e0 LinLibertineI " xle0Encoding ReEncodeFont " <xl-e0.enc <fxlri.pfb
fxlri-xl-e1 LinLibertineI " xle1Encoding ReEncodeFont " <xl-e1.enc <fxlri.pfb
fxlri-xl-e3 LinLibertineI " xle3Encoding ReEncodeFont " <xl-e3.enc <fxlri.pfb
fxlri-xl-e4 LinLibertineI " xle4Encoding ReEncodeFont " <xl-e4.enc <fxlri.pfb
fxlri-xl-f6 LinLibertineI " xlf6Encoding ReEncodeFont " <xl-f6.enc <fxlri.pfb
fxlri-xl-fb LinLibertineI " xlfbEncoding ReEncodeFont " <xl-fb.enc <fxlri.pfb
fxlri-xl-ff LinLibertineI " xlffEncoding ReEncodeFont " <xl-ff.enc <fxlri.pfb
fxlri-xl-lgr LinLibertineI " xlLGREncoding ReEncodeFont " <xl-lgr.enc <fxlri.pfb
fxlri-xl-t1 LinLibertineI " xlT1Encoding ReEncodeFont " <xl-t1.enc <fxlri.pfb
fxlro-8r LinLibertineSlanted " TeXBase1Encoding ReEncodeFont " <[8r.enc <fxlro.pfb
fxlro-xl-00 LinLibertineSlanted " xl00Encoding ReEncodeFont " <xl-00.enc <fxlro.pfb
fxlro-xl-01 LinLibertineSlanted " xl01Encoding ReEncodeFont " <xl-01.enc <fxlro.pfb
fxlro-xl-02 LinLibertineSlanted " xl02Encoding ReEncodeFont " <xl-02.enc <fxlro.pfb
fxlro-xl-03 LinLibertineSlanted " xl03Encoding ReEncodeFont " <xl-03.enc <fxlro.pfb
fxlro-xl-04 LinLibertineSlanted " xl04Encoding ReEncodeFont " <xl-04.enc <fxlro.pfb
fxlro-xl-05 LinLibertineSlanted " xl05Encoding ReEncodeFont " <xl-05.enc <fxlro.pfb
fxlro-xl-1d LinLibertineSlanted " xl1dEncoding ReEncodeFont " <xl-1d.enc <fxlro.pfb
fxlro-xl-1e LinLibertineSlanted " xl1eEncoding ReEncodeFont " <xl-1e.enc <fxlro.pfb
fxlro-xl-1f LinLibertineSlanted " xl1fEncoding ReEncodeFont " <xl-1f.enc <fxlro.pfb
fxlro-xl-20 LinLibertineSlanted " xl20Encoding ReEncodeFont " <xl-20.enc <fxlro.pfb
fxlro-xl-21 LinLibertineSlanted " xl21Encoding ReEncodeFont " <xl-21.enc <fxlro.pfb
fxlro-xl-22 LinLibertineSlanted " xl22Encoding ReEncodeFont " <xl-22.enc <fxlro.pfb
fxlro-xl-23 LinLibertineSlanted " xl23Encoding ReEncodeFont " <xl-23.enc <fxlro.pfb
fxlro-xl-24 LinLibertineSlanted " xl24Encoding ReEncodeFont " <xl-24.enc <fxlro.pfb
fxlro-xl-25 LinLibertineSlanted " xl25Encoding ReEncodeFont " <xl-25.enc <fxlro.pfb
fxlro-xl-26 LinLibertineSlanted " xl26Encoding ReEncodeFont " <xl-26.enc <fxlro.pfb
fxlro-xl-27 LinLibertineSlanted " xl27Encoding ReEncodeFont " <xl-27.enc <fxlro.pfb
fxlro-xl-2c LinLibertineSlanted " xl2cEncoding ReEncodeFont " <xl-2c.enc <fxlro.pfb
fxlro-xl-2e LinLibertineSlanted " xl2eEncoding ReEncodeFont " <xl-2e.enc <fxlro.pfb
fxlro-xl-8x LinLibertineSlanted " xlExpertEncoding ReEncodeFont " <xl-8x.enc <fxlro.pfb
fxlro-xl-a6 LinLibertineSlanted " xla6Encoding ReEncodeFont " <xl-a6.enc <fxlro.pfb
fxlro-xl-a7 LinLibertineSlanted " xla7Encoding ReEncodeFont " <xl-a7.enc <fxlro.pfb
fxlro-xl-e0 LinLibertineSlanted " xle0Encoding ReEncodeFont " <xl-e0.enc <fxlro.pfb
fxlro-xl-e1 LinLibertineSlanted " xle1Encoding ReEncodeFont " <xl-e1.enc <fxlro.pfb
fxlro-xl-e3 LinLibertineSlanted " xle3Encoding ReEncodeFont " <xl-e3.enc <fxlro.pfb
fxlro-xl-e4 LinLibertineSlanted " xle4Encoding ReEncodeFont " <xl-e4.enc <fxlro.pfb
fxlro-xl-f6 LinLibertineSlanted " xlf6Encoding ReEncodeFont " <xl-f6.enc <fxlro.pfb
fxlro-xl-fb LinLibertineSlanted " xlfbEncoding ReEncodeFont " <xl-fb.enc <fxlro.pfb
fxlro-xl-ff LinLibertineSlanted " xlffEncoding ReEncodeFont " <xl-ff.enc <fxlro.pfb
fxlro-xl-lgr LinLibertineSlanted " xlLGREncoding ReEncodeFont " <xl-lgr.enc <fxlro.pfb
fxlro-xl-t1 LinLibertineSlanted " xlT1Encoding ReEncodeFont " <xl-t1.enc <fxlro.pfb
fxlr-xl-00 LinLibertine " xl00Encoding ReEncodeFont " <xl-00.enc <fxlr.pfb
fxlr-xl-01 LinLibertine " xl01Encoding ReEncodeFont " <xl-01.enc <fxlr.pfb
fxlr-xl-02 LinLibertine " xl02Encoding ReEncodeFont " <xl-02.enc <fxlr.pfb
fxlr-xl-03 LinLibertine " xl03Encoding ReEncodeFont " <xl-03.enc <fxlr.pfb
fxlr-xl-04 LinLibertine " xl04Encoding ReEncodeFont " <xl-04.enc <fxlr.pfb
fxlr-xl-05 LinLibertine " xl05Encoding ReEncodeFont " <xl-05.enc <fxlr.pfb
fxlr-xl-1d LinLibertine " xl1dEncoding ReEncodeFont " <xl-1d.enc <fxlr.pfb
fxlr-xl-1e LinLibertine " xl1eEncoding ReEncodeFont " <xl-1e.enc <fxlr.pfb
fxlr-xl-1f LinLibertine " xl1fEncoding ReEncodeFont " <xl-1f.enc <fxlr.pfb
fxlr-xl-20 LinLibertine " xl20Encoding ReEncodeFont " <xl-20.enc <fxlr.pfb
fxlr-xl-21 LinLibertine " xl21Encoding ReEncodeFont " <xl-21.enc <fxlr.pfb
fxlr-xl-22 LinLibertine " xl22Encoding ReEncodeFont " <xl-22.enc <fxlr.pfb
fxlr-xl-23 LinLibertine " xl23Encoding ReEncodeFont " <xl-23.enc <fxlr.pfb
fxlr-xl-24 LinLibertine " xl24Encoding ReEncodeFont " <xl-24.enc <fxlr.pfb
fxlr-xl-25 LinLibertine " xl25Encoding ReEncodeFont " <xl-25.enc <fxlr.pfb
fxlr-xl-26 LinLibertine " xl26Encoding ReEncodeFont " <xl-26.enc <fxlr.pfb
fxlr-xl-27 LinLibertine " xl27Encoding ReEncodeFont " <xl-27.enc <fxlr.pfb
fxlr-xl-2c LinLibertine " xl2cEncoding ReEncodeFont " <xl-2c.enc <fxlr.pfb
fxlr-xl-2e LinLibertine " xl2eEncoding ReEncodeFont " <xl-2e.enc <fxlr.pfb
fxlr-xl-8x LinLibertine " xlExpertEncoding ReEncodeFont " <xl-8x.enc <fxlr.pfb
fxlr-xl-a6 LinLibertine " xla6Encoding ReEncodeFont " <xl-a6.enc <fxlr.pfb
fxlr-xl-a7 LinLibertine " xla7Encoding ReEncodeFont " <xl-a7.enc <fxlr.pfb
fxlr-xl-e0 LinLibertine " xle0Encoding ReEncodeFont " <xl-e0.enc <fxlr.pfb
fxlr-xl-e1 LinLibertine " xle1Encoding ReEncodeFont " <xl-e1.enc <fxlr.pfb
fxlr-xl-e3 LinLibertine " xle3Encoding ReEncodeFont " <xl-e3.enc <fxlr.pfb
fxlr-xl-e4 LinLibertine " xle4Encoding ReEncodeFont " <xl-e4.enc <fxlr.pfb
fxlr-xl-f6 LinLibertine " xlf6Encoding ReEncodeFont " <xl-f6.enc <fxlr.pfb
fxlr-xl-fb LinLibertine " xlfbEncoding ReEncodeFont " <xl-fb.enc <fxlr.pfb
fxlr-xl-ff LinLibertine " xlffEncoding ReEncodeFont " <xl-ff.enc <fxlr.pfb
fxlr-xl-lgr LinLibertine " xlLGREncoding ReEncodeFont " <xl-lgr.enc <fxlr.pfb
fxlr-xl-t1 LinLibertine " xlT1Encoding ReEncodeFont " <xl-t1.enc <fxlr.pfb
fxlz-8r LinLibertineZ " TeXBase1Encoding ReEncodeFont " <[8r.enc <fxlz.pfb
fxlzi-8r LinLibertineZI " TeXBase1Encoding ReEncodeFont " <[8r.enc <fxlzi.pfb
fxlzi-xl-00 LinLibertineZI " xl00Encoding ReEncodeFont " <xl-00.enc <fxlzi.pfb
fxlzi-xl-01 LinLibertineZI " xl01Encoding ReEncodeFont " <xl-01.enc <fxlzi.pfb
fxlzi-xl-02 LinLibertineZI " xl02Encoding ReEncodeFont " <xl-02.enc <fxlzi.pfb
fxlzi-xl-03 LinLibertineZI " xl03Encoding ReEncodeFont " <xl-03.enc <fxlzi.pfb
fxlzi-xl-04 LinLibertineZI " xl04Encoding ReEncodeFont " <xl-04.enc <fxlzi.pfb
fxlzi-xl-05 LinLibertineZI " xl05Encoding ReEncodeFont " <xl-05.enc <fxlzi.pfb
fxlzi-xl-1d LinLibertineZI " xl1dEncoding ReEncodeFont " <xl-1d.enc <fxlzi.pfb
fxlzi-xl-1e LinLibertineZI " xl1eEncoding ReEncodeFont " <xl-1e.enc <fxlzi.pfb
fxlzi-xl-1f LinLibertineZI " xl1fEncoding ReEncodeFont " <xl-1f.enc <fxlzi.pfb
fxlzi-xl-20 LinLibertineZI " xl20Encoding ReEncodeFont " <xl-20.enc <fxlzi.pfb
fxlzi-xl-21 LinLibertineZI " xl21Encoding ReEncodeFont " <xl-21.enc <fxlzi.pfb
fxlzi-xl-22 LinLibertineZI " xl22Encoding ReEncodeFont " <xl-22.enc <fxlzi.pfb
fxlzi-xl-23 LinLibertineZI " xl23Encoding ReEncodeFont " <xl-23.enc <fxlzi.pfb
fxlzi-xl-24 LinLibertineZI " xl24Encoding ReEncodeFont " <xl-24.enc <fxlzi.pfb
fxlzi-xl-25 LinLibertineZI " xl25Encoding ReEncodeFont " <xl-25.enc <fxlzi.pfb
fxlzi-xl-26 LinLibertineZI " xl26Encoding ReEncodeFont " <xl-26.enc <fxlzi.pfb
fxlzi-xl-27 LinLibertineZI " xl27Encoding ReEncodeFont " <xl-27.enc <fxlzi.pfb
fxlzi-xl-2c LinLibertineZI " xl2cEncoding ReEncodeFont " <xl-2c.enc <fxlzi.pfb
fxlzi-xl-2e LinLibertineZI " xl2eEncoding ReEncodeFont " <xl-2e.enc <fxlzi.pfb
fxlzi-xl-8x LinLibertineZI " xlExpertEncoding ReEncodeFont " <xl-8x.enc <fxlzi.pfb
fxlzi-xl-a6 LinLibertineZI " xla6Encoding ReEncodeFont " <xl-a6.enc <fxlzi.pfb
fxlzi-xl-a7 LinLibertineZI " xla7Encoding ReEncodeFont " <xl-a7.enc <fxlzi.pfb
fxlzi-xl-e0 LinLibertineZI " xle0Encoding ReEncodeFont " <xl-e0.enc <fxlzi.pfb
fxlzi-xl-e1 LinLibertineZI " xle1Encoding ReEncodeFont " <xl-e1.enc <fxlzi.pfb
fxlzi-xl-e3 LinLibertineZI " xle3Encoding ReEncodeFont " <xl-e3.enc <fxlzi.pfb
fxlzi-xl-e4 LinLibertineZI " xle4Encoding ReEncodeFont " <xl-e4.enc <fxlzi.pfb
fxlzi-xl-f6 LinLibertineZI " xlf6Encoding ReEncodeFont " <xl-f6.enc <fxlzi.pfb
fxlzi-xl-fb LinLibertineZI " xlfbEncoding ReEncodeFont " <xl-fb.enc <fxlzi.pfb
fxlzi-xl-ff LinLibertineZI " xlffEncoding ReEncodeFont " <xl-ff.enc <fxlzi.pfb
fxlzi-xl-lgr LinLibertineZI " xlLGREncoding ReEncodeFont " <xl-lgr.enc <fxlzi.pfb
fxlzi-xl-t1 LinLibertineZI " xlT1Encoding ReEncodeFont " <xl-t1.enc <fxlzi.pfb
fxlzo-8r LinLibertineSlantedZ " TeXBase1Encoding ReEncodeFont " <[8r.enc <fxlzo.pfb
fxlzo-xl-00 LinLibertineSlantedZ " xl00Encoding ReEncodeFont " <xl-00.enc <fxlzo.pfb
fxlzo-xl-01 LinLibertineSlantedZ " xl01Encoding ReEncodeFont " <xl-01.enc <fxlzo.pfb
fxlzo-xl-02 LinLibertineSlantedZ " xl02Encoding ReEncodeFont " <xl-02.enc <fxlzo.pfb
fxlzo-xl-03 LinLibertineSlantedZ " xl03Encoding ReEncodeFont " <xl-03.enc <fxlzo.pfb
fxlzo-xl-04 LinLibertineSlantedZ " xl04Encoding ReEncodeFont " <xl-04.enc <fxlzo.pfb
fxlzo-xl-05 LinLibertineSlantedZ " xl05Encoding ReEncodeFont " <xl-05.enc <fxlzo.pfb
fxlzo-xl-1d LinLibertineSlantedZ " xl1dEncoding ReEncodeFont " <xl-1d.enc <fxlzo.pfb
fxlzo-xl-1e LinLibertineSlantedZ " xl1eEncoding ReEncodeFont " <xl-1e.enc <fxlzo.pfb
fxlzo-xl-1f LinLibertineSlantedZ " xl1fEncoding ReEncodeFont " <xl-1f.enc <fxlzo.pfb
fxlzo-xl-20 LinLibertineSlantedZ " xl20Encoding ReEncodeFont " <xl-20.enc <fxlzo.pfb
fxlzo-xl-21 LinLibertineSlantedZ " xl21Encoding ReEncodeFont " <xl-21.enc <fxlzo.pfb
fxlzo-xl-22 LinLibertineSlantedZ " xl22Encoding ReEncodeFont " <xl-22.enc <fxlzo.pfb
fxlzo-xl-23 LinLibertineSlantedZ " xl23Encoding ReEncodeFont " <xl-23.enc <fxlzo.pfb
fxlzo-xl-24 LinLibertineSlantedZ " xl24Encoding ReEncodeFont " <xl-24.enc <fxlzo.pfb
fxlzo-xl-25 LinLibertineSlantedZ " xl25Encoding ReEncodeFont " <xl-25.enc <fxlzo.pfb
fxlzo-xl-26 LinLibertineSlantedZ " xl26Encoding ReEncodeFont " <xl-26.enc <fxlzo.pfb
fxlzo-xl-27 LinLibertineSlantedZ " xl27Encoding ReEncodeFont " <xl-27.enc <fxlzo.pfb
fxlzo-xl-2c LinLibertineSlantedZ " xl2cEncoding ReEncodeFont " <xl-2c.enc <fxlzo.pfb
fxlzo-xl-2e LinLibertineSlantedZ " xl2eEncoding ReEncodeFont " <xl-2e.enc <fxlzo.pfb
fxlzo-xl-8x LinLibertineSlantedZ " xlExpertEncoding ReEncodeFont " <xl-8x.enc <fxlzo.pfb
fxlzo-xl-a6 LinLibertineSlantedZ " xla6Encoding ReEncodeFont " <xl-a6.enc <fxlzo.pfb
fxlzo-xl-a7 LinLibertineSlantedZ " xla7Encoding ReEncodeFont " <xl-a7.enc <fxlzo.pfb
fxlzo-xl-e0 LinLibertineSlantedZ " xle0Encoding ReEncodeFont " <xl-e0.enc <fxlzo.pfb
fxlzo-xl-e1 LinLibertineSlantedZ " xle1Encoding ReEncodeFont " <xl-e1.enc <fxlzo.pfb
fxlzo-xl-e3 LinLibertineSlantedZ " xle3Encoding ReEncodeFont " <xl-e3.enc <fxlzo.pfb
fxlzo-xl-e4 LinLibertineSlantedZ " xle4Encoding ReEncodeFont " <xl-e4.enc <fxlzo.pfb
fxlzo-xl-f6 LinLibertineSlantedZ " xlf6Encoding ReEncodeFont " <xl-f6.enc <fxlzo.pfb
fxlzo-xl-fb LinLibertineSlantedZ " xlfbEncoding ReEncodeFont " <xl-fb.enc <fxlzo.pfb
fxlzo-xl-ff LinLibertineSlantedZ " xlffEncoding ReEncodeFont " <xl-ff.enc <fxlzo.pfb
fxlzo-xl-lgr LinLibertineSlantedZ " xlLGREncoding ReEncodeFont " <xl-lgr.enc <fxlzo.pfb
fxlzo-xl-t1 LinLibertineSlantedZ " xlT1Encoding ReEncodeFont " <xl-t1.enc <fxlzo.pfb
fxlz-xl-00 LinLibertineZ " xl00Encoding ReEncodeFont " <xl-00.enc <fxlz.pfb
fxlz-xl-01 LinLibertineZ " xl01Encoding ReEncodeFont " <xl-01.enc <fxlz.pfb
fxlz-xl-02 LinLibertineZ " xl02Encoding ReEncodeFont " <xl-02.enc <fxlz.pfb
fxlz-xl-03 LinLibertineZ " xl03Encoding ReEncodeFont " <xl-03.enc <fxlz.pfb
fxlz-xl-04 LinLibertineZ " xl04Encoding ReEncodeFont " <xl-04.enc <fxlz.pfb
fxlz-xl-05 LinLibertineZ " xl05Encoding ReEncodeFont " <xl-05.enc <fxlz.pfb
fxlz-xl-1d LinLibertineZ " xl1dEncoding ReEncodeFont " <xl-1d.enc <fxlz.pfb
fxlz-xl-1e LinLibertineZ " xl1eEncoding ReEncodeFont " <xl-1e.enc <fxlz.pfb
fxlz-xl-1f LinLibertineZ " xl1fEncoding ReEncodeFont " <xl-1f.enc <fxlz.pfb
fxlz-xl-20 LinLibertineZ " xl20Encoding ReEncodeFont " <xl-20.enc <fxlz.pfb
fxlz-xl-21 LinLibertineZ " xl21Encoding ReEncodeFont " <xl-21.enc <fxlz.pfb
fxlz-xl-22 LinLibertineZ " xl22Encoding ReEncodeFont " <xl-22.enc <fxlz.pfb
fxlz-xl-23 LinLibertineZ " xl23Encoding ReEncodeFont " <xl-23.enc <fxlz.pfb
fxlz-xl-24 LinLibertineZ " xl24Encoding ReEncodeFont " <xl-24.enc <fxlz.pfb
fxlz-xl-25 LinLibertineZ " xl25Encoding ReEncodeFont " <xl-25.enc <fxlz.pfb
fxlz-xl-26 LinLibertineZ " xl26Encoding ReEncodeFont " <xl-26.enc <fxlz.pfb
fxlz-xl-27 LinLibertineZ " xl27Encoding ReEncodeFont " <xl-27.enc <fxlz.pfb
fxlz-xl-2c LinLibertineZ " xl2cEncoding ReEncodeFont " <xl-2c.enc <fxlz.pfb
fxlz-xl-2e LinLibertineZ " xl2eEncoding ReEncodeFont " <xl-2e.enc <fxlz.pfb
fxlz-xl-8x LinLibertineZ " xlExpertEncoding ReEncodeFont " <xl-8x.enc <fxlz.pfb
fxlz-xl-a6 LinLibertineZ " xla6Encoding ReEncodeFont " <xl-a6.enc <fxlz.pfb
fxlz-xl-a7 LinLibertineZ " xla7Encoding ReEncodeFont " <xl-a7.enc <fxlz.pfb
fxlz-xl-e0 LinLibertineZ " xle0Encoding ReEncodeFont " <xl-e0.enc <fxlz.pfb
fxlz-xl-e1 LinLibertineZ " xle1Encoding ReEncodeFont " <xl-e1.enc <fxlz.pfb
fxlz-xl-e3 LinLibertineZ " xle3Encoding ReEncodeFont " <xl-e3.enc <fxlz.pfb
fxlz-xl-e4 LinLibertineZ " xle4Encoding ReEncodeFont " <xl-e4.enc <fxlz.pfb
fxlz-xl-f6 LinLibertineZ " xlf6Encoding ReEncodeFont " <xl-f6.enc <fxlz.pfb
fxlz-xl-fb LinLibertineZ " xlfbEncoding ReEncodeFont " <xl-fb.enc <fxlz.pfb
fxlz-xl-ff LinLibertineZ " xlffEncoding ReEncodeFont " <xl-ff.enc <fxlz.pfb
fxlz-xl-lgr LinLibertineZ " xlLGREncoding ReEncodeFont " <xl-lgr.enc <fxlz.pfb
fxlz-xl-t1 LinLibertineZ " xlT1Encoding ReEncodeFont " <xl-t1.enc <fxlz.pfb
