fcmr8r		CMRoman-Regular			"TeXBase1Encoding ReEncodeFont" <8r-mod.enc <fcmr8a.pfb
fcmri8r		CMRoman-Italic			"TeXBase1Encoding ReEncodeFont" <8r-mod.enc <fcmri8a.pfb
fcmrc8r		CMRoman-RegularSC		"TeXBase1Encoding ReEncodeFont" <8r-mod.enc <fcmrc8a.pfb
fcmrij8r	CMRoman-ItalicOsF		"TeXBase1Encoding ReEncodeFont" <8r-mod.enc <fcmrij8a.pfb
fcmb8r		CMRoman-Bold			"TeXBase1Encoding ReEncodeFont" <8r-mod.enc <fcmb8a.pfb
fcmbi8r		CMRoman-BoldItalic		"TeXBase1Encoding ReEncodeFont" <8r-mod.enc <fcmbi8a.pfb
fcmbc8r		CMRoman-BoldSC			"TeXBase1Encoding ReEncodeFont" <8r-mod.enc <fcmbc8a.pfb
fcmbij8r	CMRoman-BoldItalicOsF		"TeXBase1Encoding ReEncodeFont" <8r-mod.enc <fcmbij8a.pfb
fcsr8r		CMSans-Regular			"TeXBase1Encoding ReEncodeFont" <8r-mod.enc <fcsr8a.pfb
fcsro8r		CMSans-Slanted			"TeXBase1Encoding ReEncodeFont" <8r-mod.enc <fcsro8a.pfb
fcsb8r		CMSans-Bold			"TeXBase1Encoding ReEncodeFont" <8r-mod.enc <fcsb8a.pfb
fcsbo8r		CMSans-BoldSlanted		"TeXBase1Encoding ReEncodeFont" <8r-mod.enc <fcsbo8a.pfb
fctr8r		CMTypewriter-Regular		"TeXBase1Encoding ReEncodeFont" <8r-mod.enc <fctr8a.pfb
fctri8r		CMTypewriter-Italic		"TeXBase1Encoding ReEncodeFont" <8r-mod.enc <fctri8a.pfb
fctrc8r		CMTypewriter-RegularSC		"TeXBase1Encoding ReEncodeFont" <8r-mod.enc <fctrc8a.pfb
fctrij8r	CMTypewriter-ItalicOsF		"TeXBase1Encoding ReEncodeFont" <8r-mod.enc <fctrij8a.pfb
fcmr6z		CMRomanCyrillic-Regular		<fcmr6z.pfb
fcmri6z		CMRomanCyrillic-Italic		<fcmri6z.pfb
fcmrc6z		CMRomanCyrillic-RegularSC	<fcmrc6z.pfb
fcmrij6z	CMRomanCyrillic-ItalicOsF	<fcmrij6z.pfb
fcmb6z		CMRomanCyrillic-Bold		<fcmb6z.pfb
fcmbi6z		CMRomanCyrillic-BoldItalic	<fcmbi6z.pfb
fcmbc6z		CMRomanCyrillic-BoldSC		<fcmbc6z.pfb
fcmbij6z	CMRomanCyrillic-BoldItalicOsF	<fcmbij6z.pfb
fcsr6z		CMSansCyrillic-Regular		<fcsr6z.pfb
fcsro6z		CMSansCyrillic-Slanted		<fcsro6z.pfb
fcsb6z		CMSansCyrillic-Bold		<fcsb6z.pfb
fcsbo6z		CMSansCyrillic-BoldSlanted	<fcsbo6z.pfb
fctr6z		CMTypewriterCyrillic-Regular	<fctr6z.pfb
fctri6z		CMTypewriterCyrillic-Italic	<fctri6z.pfb
fctrc6z		CMTypewriterCyrillic-RegularSC	<fctrc6z.pfb
fctrij6z	CMTypewriterCyrillic-ItalicOsF	<fctrij6z.pfb
fcmr6y		CMRomanAsian-Regular		<fcmr6y.pfb
fcmri6y		CMRomanAsian-Italic		<fcmri6y.pfb
fcmrc6y		CMRomanAsian-RegularSC		<fcmrc6y.pfb
fcmrij6y	CMRomanAsian-ItalicOsF		<fcmrij6y.pfb
fcmb6y		CMRomanAsian-Bold		<fcmb6y.pfb
fcmbi6y		CMRomanAsian-BoldItalic		<fcmbi6y.pfb
fcmbc6y		CMRomanAsian-BoldSC		<fcmbc6y.pfb
fcmbij6y	CMRomanAsian-BoldItalicOsF	<fcmbij6y.pfb
fcsr6y		CMSansAsian-Regular		<fcsr6y.pfb
fcsro6y		CMSansAsian-Slanted		<fcsro6y.pfb
fcsb6y		CMSansAsian-Bold		<fcsb6y.pfb
fcsbo6y		CMSansAsian-BoldSlanted		<fcsbo6y.pfb
fctr6y		CMTypewriterAsian-Regular	<fctr6y.pfb
fctri6y		CMTypewriterAsian-Italic	<fctri6y.pfb
fctrc6y		CMTypewriterAsian-RegularSC	<fctrc6y.pfb
fctrij6y	CMTypewriterAsian-ItalicOsF	<fctrij6y.pfb
fcmrpg		CMRomanGreek-Regular		<fcmrpg.pfb
fcmripg		CMRomanGreek-Italic		<fcmripg.pfb
fcmrcpg		CMRomanGreek-RegularSC		<fcmrcpg.pfb
fcmrijpg	CMRomanGreek-ItalicOsF		<fcmrijpg.pfb
fcmbpg		CMRomanGreek-Bold		<fcmbpg.pfb
fcmbipg		CMRomanGreek-BoldItalic		<fcmbipg.pfb
fcmbcpg		CMRomanGreek-BoldSC		<fcmbcpg.pfb
fcmbijpg	CMRomanGreek-BoldItalicOsF	<fcmbijpg.pfb
fcsrpg		CMSansGreek-Regular		<fcsrpg.pfb
fcsropg		CMSansGreek-Slanted		<fcsropg.pfb
fcsbpg		CMSansGreek-Bold		<fcsbpg.pfb
fcsbopg		CMSansGreek-BoldSlanted		<fcsbopg.pfb
fctrpg		CMTypewriterGreek-Regular	<fctrpg.pfb
fctripg		CMTypewriterGreek-Italic	<fctripg.pfb
fctrcpg		CMTypewriterGreek-RegularSC	<fctrcpg.pfb
fctrijpg	CMTypewriterGreek-ItalicOsF	<fctrijpg.pfb
